Archive member included because of file (symbol)

c:/eclipse/eclipse_mars_sr1/plugins/fr.ac6.mcu.externaltools.arm-none.win32_1.3.0.201507241045/tools/compiler/bin/../lib/gcc/arm-none-eabi/4.9.3/../../../../arm-none-eabi/lib/armv7e-m/fpu\libc_nano.a(lib_a-exit.o)
                              c:/eclipse/eclipse_mars_sr1/plugins/fr.ac6.mcu.externaltools.arm-none.win32_1.3.0.201507241045/tools/compiler/bin/../lib/gcc/arm-none-eabi/4.9.3/../../../../arm-none-eabi/lib/armv7e-m/fpu/crt0.o (exit)
c:/eclipse/eclipse_mars_sr1/plugins/fr.ac6.mcu.externaltools.arm-none.win32_1.3.0.201507241045/tools/compiler/bin/../lib/gcc/arm-none-eabi/4.9.3/../../../../arm-none-eabi/lib/armv7e-m/fpu\libc_nano.a(lib_a-impure.o)
                              c:/eclipse/eclipse_mars_sr1/plugins/fr.ac6.mcu.externaltools.arm-none.win32_1.3.0.201507241045/tools/compiler/bin/../lib/gcc/arm-none-eabi/4.9.3/../../../../arm-none-eabi/lib/armv7e-m/fpu\libc_nano.a(lib_a-exit.o) (_global_impure_ptr)
c:/eclipse/eclipse_mars_sr1/plugins/fr.ac6.mcu.externaltools.arm-none.win32_1.3.0.201507241045/tools/compiler/bin/../lib/gcc/arm-none-eabi/4.9.3/../../../../arm-none-eabi/lib/armv7e-m/fpu\libc_nano.a(lib_a-init.o)
                              c:/eclipse/eclipse_mars_sr1/plugins/fr.ac6.mcu.externaltools.arm-none.win32_1.3.0.201507241045/tools/compiler/bin/../lib/gcc/arm-none-eabi/4.9.3/../../../../arm-none-eabi/lib/armv7e-m/fpu/crt0.o (__libc_init_array)
c:/eclipse/eclipse_mars_sr1/plugins/fr.ac6.mcu.externaltools.arm-none.win32_1.3.0.201507241045/tools/compiler/bin/../lib/gcc/arm-none-eabi/4.9.3/../../../../arm-none-eabi/lib/armv7e-m/fpu\libc_nano.a(lib_a-itoa.o)
                              Application/User/freertos.o (itoa)
c:/eclipse/eclipse_mars_sr1/plugins/fr.ac6.mcu.externaltools.arm-none.win32_1.3.0.201507241045/tools/compiler/bin/../lib/gcc/arm-none-eabi/4.9.3/../../../../arm-none-eabi/lib/armv7e-m/fpu\libc_nano.a(lib_a-malloc.o)
                              Middlewares/USB_Device_Library/usbd_cdc.o (malloc)
c:/eclipse/eclipse_mars_sr1/plugins/fr.ac6.mcu.externaltools.arm-none.win32_1.3.0.201507241045/tools/compiler/bin/../lib/gcc/arm-none-eabi/4.9.3/../../../../arm-none-eabi/lib/armv7e-m/fpu\libc_nano.a(lib_a-memcpy.o)
                              Middlewares/FreeRTOS/queue.o (memcpy)
c:/eclipse/eclipse_mars_sr1/plugins/fr.ac6.mcu.externaltools.arm-none.win32_1.3.0.201507241045/tools/compiler/bin/../lib/gcc/arm-none-eabi/4.9.3/../../../../arm-none-eabi/lib/armv7e-m/fpu\libc_nano.a(lib_a-memset.o)
                              c:/eclipse/eclipse_mars_sr1/plugins/fr.ac6.mcu.externaltools.arm-none.win32_1.3.0.201507241045/tools/compiler/bin/../lib/gcc/arm-none-eabi/4.9.3/../../../../arm-none-eabi/lib/armv7e-m/fpu/crt0.o (memset)
c:/eclipse/eclipse_mars_sr1/plugins/fr.ac6.mcu.externaltools.arm-none.win32_1.3.0.201507241045/tools/compiler/bin/../lib/gcc/arm-none-eabi/4.9.3/../../../../arm-none-eabi/lib/armv7e-m/fpu\libc_nano.a(lib_a-nano-freer.o)
                              c:/eclipse/eclipse_mars_sr1/plugins/fr.ac6.mcu.externaltools.arm-none.win32_1.3.0.201507241045/tools/compiler/bin/../lib/gcc/arm-none-eabi/4.9.3/../../../../arm-none-eabi/lib/armv7e-m/fpu\libc_nano.a(lib_a-malloc.o) (_free_r)
c:/eclipse/eclipse_mars_sr1/plugins/fr.ac6.mcu.externaltools.arm-none.win32_1.3.0.201507241045/tools/compiler/bin/../lib/gcc/arm-none-eabi/4.9.3/../../../../arm-none-eabi/lib/armv7e-m/fpu\libc_nano.a(lib_a-nano-mallocr.o)
                              c:/eclipse/eclipse_mars_sr1/plugins/fr.ac6.mcu.externaltools.arm-none.win32_1.3.0.201507241045/tools/compiler/bin/../lib/gcc/arm-none-eabi/4.9.3/../../../../arm-none-eabi/lib/armv7e-m/fpu\libc_nano.a(lib_a-malloc.o) (_malloc_r)
c:/eclipse/eclipse_mars_sr1/plugins/fr.ac6.mcu.externaltools.arm-none.win32_1.3.0.201507241045/tools/compiler/bin/../lib/gcc/arm-none-eabi/4.9.3/../../../../arm-none-eabi/lib/armv7e-m/fpu\libc_nano.a(lib_a-sbrkr.o)
                              c:/eclipse/eclipse_mars_sr1/plugins/fr.ac6.mcu.externaltools.arm-none.win32_1.3.0.201507241045/tools/compiler/bin/../lib/gcc/arm-none-eabi/4.9.3/../../../../arm-none-eabi/lib/armv7e-m/fpu\libc_nano.a(lib_a-nano-mallocr.o) (_sbrk_r)
c:/eclipse/eclipse_mars_sr1/plugins/fr.ac6.mcu.externaltools.arm-none.win32_1.3.0.201507241045/tools/compiler/bin/../lib/gcc/arm-none-eabi/4.9.3/../../../../arm-none-eabi/lib/armv7e-m/fpu\libc_nano.a(lib_a-utoa.o)
                              c:/eclipse/eclipse_mars_sr1/plugins/fr.ac6.mcu.externaltools.arm-none.win32_1.3.0.201507241045/tools/compiler/bin/../lib/gcc/arm-none-eabi/4.9.3/../../../../arm-none-eabi/lib/armv7e-m/fpu\libc_nano.a(lib_a-itoa.o) (__utoa)
c:/eclipse/eclipse_mars_sr1/plugins/fr.ac6.mcu.externaltools.arm-none.win32_1.3.0.201507241045/tools/compiler/bin/../lib/gcc/arm-none-eabi/4.9.3/../../../../arm-none-eabi/lib/armv7e-m/fpu\libc_nano.a(lib_a-reent.o)
[...]
Memory Configuration

Name             Origin             Length             Attributes
FLASH            0x08000000         0x00100000         xr
RAM              0x20000000         0x00020000         xrw
CCMRAM           0x10000000         0x00010000         rw
*default*        0x00000000         0xffffffff

Linker script and memory map

LOAD c:/eclipse/eclipse_mars_sr1/plugins/fr.ac6.mcu.externaltools.arm-none.win32_1.3.0.201507241045/tools/compiler/bin/../lib/gcc/arm-none-eabi/4.9.3/armv7e-m/fpu/crti.o
LOAD c:/eclipse/eclipse_mars_sr1/plugins/fr.ac6.mcu.externaltools.arm-none.win32_1.3.0.201507241045/tools/compiler/bin/../lib/gcc/arm-none-eabi/4.9.3/armv7e-m/fpu/crtbegin.o
LOAD c:/eclipse/eclipse_mars_sr1/plugins/fr.ac6.mcu.externaltools.arm-none.win32_1.3.0.201507241045/tools/compiler/bin/../lib/gcc/arm-none-eabi/4.9.3/../../../../arm-none-eabi/lib/armv7e-m/fpu/crt0.o
LOAD c:/eclipse/eclipse_mars_sr1/plugins/fr.ac6.mcu.externaltools.arm-none.win32_1.3.0.201507241045/tools/compiler/bin/../lib/gcc/arm-none-eabi/4.9.3/../../../../arm-none-eabi/lib/armv7e-m/fpu\libm.a
LOAD Application/SW4STM32/startup_stm32f407xx.o
LOAD Application/User/freertos.o
LOAD Application/User/gpio.o
LOAD Application/User/lcd.o
LOAD Application/User/main.o
LOAD Application/User/spi.o
LOAD Application/User/stm32f4_discovery.o
LOAD Application/User/stm32f4xx_hal_msp.o
LOAD Application/User/stm32f4xx_it.o
LOAD Application/User/usb_device.o
LOAD Application/User/usbd_cdc_if.o
LOAD Application/User/usbd_conf.o
LOAD Application/User/usbd_desc.o
LOAD Drivers/CMSIS/system_stm32f4xx.o
LOAD Drivers/STM32F4xx_HAL_Driver/stm32f4xx_hal.o
LOAD Drivers/STM32F4xx_HAL_Driver/stm32f4xx_hal_cortex.o
LOAD Drivers/STM32F4xx_HAL_Driver/stm32f4xx_hal_dma.o
LOAD Drivers/STM32F4xx_HAL_Driver/stm32f4xx_hal_dma_ex.o
LOAD Drivers/STM32F4xx_HAL_Driver/stm32f4xx_hal_flash.o
LOAD Drivers/STM32F4xx_HAL_Driver/stm32f4xx_hal_flash_ex.o
LOAD Drivers/STM32F4xx_HAL_Driver/stm32f4xx_hal_flash_ramfunc.o
LOAD Drivers/STM32F4xx_HAL_Driver/stm32f4xx_hal_gpio.o
LOAD Drivers/STM32F4xx_HAL_Driver/stm32f4xx_hal_pcd.o
LOAD Drivers/STM32F4xx_HAL_Driver/stm32f4xx_hal_pcd_ex.o
LOAD Drivers/STM32F4xx_HAL_Driver/stm32f4xx_hal_pwr.o
LOAD Drivers/STM32F4xx_HAL_Driver/stm32f4xx_hal_pwr_ex.o
LOAD Drivers/STM32F4xx_HAL_Driver/stm32f4xx_hal_rcc.o
LOAD Drivers/STM32F4xx_HAL_Driver/stm32f4xx_hal_rcc_ex.o
LOAD Drivers/STM32F4xx_HAL_Driver/stm32f4xx_hal_spi.o
LOAD Drivers/STM32F4xx_HAL_Driver/stm32f4xx_ll_usb.o
LOAD Middlewares/FreeRTOS/cmsis_os.o
LOAD Middlewares/FreeRTOS/croutine.o
LOAD Middlewares/FreeRTOS/event_groups.o
LOAD Middlewares/FreeRTOS/heap_4.o
LOAD Middlewares/FreeRTOS/list.o
LOAD Middlewares/FreeRTOS/port.o
LOAD Middlewares/FreeRTOS/queue.o
LOAD Middlewares/FreeRTOS/tasks.o
LOAD Middlewares/FreeRTOS/timers.o
LOAD Middlewares/USB_Device_Library/usbd_cdc.o
LOAD Middlewares/USB_Device_Library/usbd_core.o
LOAD Middlewares/USB_Device_Library/usbd_ctlreq.o
LOAD Middlewares/USB_Device_Library/usbd_ioreq.o
START GROUP
LOAD c:/eclipse/eclipse_mars_sr1/plugins/fr.ac6.mcu.externaltools.arm-none.win32_1.3.0.201507241045/tools/compiler/bin/../lib/gcc/arm-none-eabi/4.9.3/armv7e-m/fpu\libgcc.a
LOAD c:/eclipse/eclipse_mars_sr1/plugins/fr.ac6.mcu.externaltools.arm-none.win32_1.3.0.201507241045/tools/compiler/bin/../lib/gcc/arm-none-eabi/4.9.3/../../../../arm-none-eabi/lib/armv7e-m/fpu\libc_nano.a
END GROUP
START GROUP
LOAD c:/eclipse/eclipse_mars_sr1/plugins/fr.ac6.mcu.externaltools.arm-none.win32_1.3.0.201507241045/tools/compiler/bin/../lib/gcc/arm-none-eabi/4.9.3/armv7e-m/fpu\libgcc.a
LOAD c:/eclipse/eclipse_mars_sr1/plugins/fr.ac6.mcu.externaltools.arm-none.win32_1.3.0.201507241045/tools/compiler/bin/../lib/gcc/arm-none-eabi/4.9.3/../../../../arm-none-eabi/lib/armv7e-m/fpu\libc_nano.a
LOAD c:/eclipse/eclipse_mars_sr1/plugins/fr.ac6.mcu.externaltools.arm-none.win32_1.3.0.201507241045/tools/compiler/bin/../lib/gcc/arm-none-eabi/4.9.3/../../../../arm-none-eabi/lib/armv7e-m/fpu\libnosys.a
END GROUP
START GROUP
LOAD c:/eclipse/eclipse_mars_sr1/plugins/fr.ac6.mcu.externaltools.arm-none.win32_1.3.0.201507241045/tools/compiler/bin/../lib/gcc/arm-none-eabi/4.9.3/armv7e-m/fpu\libgcc.a
LOAD c:/eclipse/eclipse_mars_sr1/plugins/fr.ac6.mcu.externaltools.arm-none.win32_1.3.0.201507241045/tools/compiler/bin/../lib/gcc/arm-none-eabi/4.9.3/../../../../arm-none-eabi/lib/armv7e-m/fpu\libc_nano.a
LOAD c:/eclipse/eclipse_mars_sr1/plugins/fr.ac6.mcu.externaltools.arm-none.win32_1.3.0.201507241045/tools/compiler/bin/../lib/gcc/arm-none-eabi/4.9.3/../../../../arm-none-eabi/lib/armv7e-m/fpu\libnosys.a
END GROUP
LOAD c:/eclipse/eclipse_mars_sr1/plugins/fr.ac6.mcu.externaltools.arm-none.win32_1.3.0.201507241045/tools/compiler/bin/../lib/gcc/arm-none-eabi/4.9.3/armv7e-m/fpu/crtend.o
LOAD c:/eclipse/eclipse_mars_sr1/plugins/fr.ac6.mcu.externaltools.arm-none.win32_1.3.0.201507241045/tools/compiler/bin/../lib/gcc/arm-none-eabi/4.9.3/armv7e-m/fpu/crtn.o
                0x20020000                _estack = 0x20020000
                0x00000200                _Min_Heap_Size = 0x200
                0x00000400                _Min_Stack_Size = 0x400

.isr_vector     0x08000000      0x188
                0x08000000                . = ALIGN (0x4)
 *(.isr_vector)
 .isr_vector    0x08000000      0x188 Application/SW4STM32/startup_stm32f407xx.o
                0x08000000                g_pfnVectors
                0x08000188                . = ALIGN (0x4)

.text           0x08000188     0x7360
                0x08000188                . = ALIGN (0x4)
 *(.text)
 .text          0x08000188       0x5c c:/eclipse/eclipse_mars_sr1/plugins/fr.ac6.mcu.externaltools.arm-none.win32_1.3.0.201507241045/tools/compiler/bin/../lib/gcc/arm-none-eabi/4.9.3/armv7e-m/fpu/crtbegin.o
 *(.text*)
 .text.Reset_Handler
                0x080001e4       0x50 Application/SW4STM32/startup_stm32f407xx.o
                0x080001e4                Reset_Handler
 .text.Default_Handler
                0x08000234        0x2 Application/SW4STM32/startup_stm32f407xx.o
                0x08000234                RTC_Alarm_IRQHandler
                0x08000234                HASH_RNG_IRQHandler
                0x08000234                EXTI2_IRQHandler
                0x08000234                TIM8_CC_IRQHandler
                0x08000234                DebugMon_Handler
                0x08000234                TIM1_CC_IRQHandler
                0x08000234                DMA2_Stream5_IRQHandler
                0x08000234                HardFault_Handler
                0x08000234                DMA1_Stream5_IRQHandler
                0x08000234                PVD_IRQHandler
                0x08000234                SDIO_IRQHandler
                0x08000234                TAMP_STAMP_IRQHandler
                0x08000234                NMI_Handler
                0x08000234                CAN2_RX1_IRQHandler
                0x08000234                EXTI3_IRQHandler
                0x08000234                TIM8_TRG_COM_TIM14_IRQHandler
                0x08000234                TIM1_UP_TIM10_IRQHandler
                0x08000234                TIM8_UP_TIM13_IRQHandler
                0x08000234                I2C3_ER_IRQHandler
                0x08000234                EXTI0_IRQHandler
                0x08000234                I2C2_EV_IRQHandler
                0x08000234                DMA1_Stream2_IRQHandler
                0x08000234                CAN1_RX0_IRQHandler
                0x08000234                FPU_IRQHandler
                0x08000234                OTG_HS_WKUP_IRQHandler
                0x08000234                UsageFault_Handler
                0x08000234                CAN2_SCE_IRQHandler
                0x08000234                DMA2_Stream2_IRQHandler
                0x08000234                SPI1_IRQHandler
                0x08000234                TIM6_DAC_IRQHandler
                0x08000234                TIM1_BRK_TIM9_IRQHandler
                0x08000234                DCMI_IRQHandler
                0x08000234                CAN2_RX0_IRQHandler
                0x08000234                DMA2_Stream3_IRQHandler
                0x08000234                USART6_IRQHandler
                0x08000234                USART3_IRQHandler
                0x08000234                CAN1_RX1_IRQHandler
                0x08000234                UART5_IRQHandler
                0x08000234                DMA2_Stream0_IRQHandler
                0x08000234                TIM4_IRQHandler
                0x08000234                I2C1_EV_IRQHandler
                0x08000234                DMA1_Stream6_IRQHandler
                0x08000234                DMA1_Stream1_IRQHandler
                0x08000234                UART4_IRQHandler
                0x08000234                TIM3_IRQHandler
                0x08000234                RCC_IRQHandler
                0x08000234                TIM8_BRK_TIM12_IRQHandler
                0x08000234                Default_Handler
                0x08000234                EXTI15_10_IRQHandler
                0x08000234                ADC_IRQHandler
                0x08000234                DMA1_Stream7_IRQHandler
                0x08000234                TIM7_IRQHandler
                0x08000234                CAN2_TX_IRQHandler
                0x08000234                TIM5_IRQHandler
                0x08000234                DMA2_Stream7_IRQHandler
                0x08000234                I2C3_EV_IRQHandler
                0x08000234                EXTI9_5_IRQHandler
                0x08000234                RTC_WKUP_IRQHandler
                0x08000234                ETH_WKUP_IRQHandler
                0x08000234                SPI2_IRQHandler
                0x08000234                OTG_HS_EP1_IN_IRQHandler
                0x08000234                MemManage_Handler
                0x08000234                DMA1_Stream0_IRQHandler
                0x08000234                CAN1_TX_IRQHandler
                0x08000234                EXTI4_IRQHandler
                0x08000234                FSMC_IRQHandler
                0x08000234                ETH_IRQHandler
                0x08000234                OTG_HS_EP1_OUT_IRQHandler
                0x08000234                WWDG_IRQHandler
                0x08000234                TIM2_IRQHandler
                0x08000234                OTG_FS_WKUP_IRQHandler
                0x08000234                TIM1_TRG_COM_TIM11_IRQHandler
                0x08000234                OTG_HS_IRQHandler
                0x08000234                EXTI1_IRQHandler
                0x08000234                USART2_IRQHandler
                0x08000234                I2C2_ER_IRQHandler
                0x08000234                DMA2_Stream1_IRQHandler
                0x08000234                CAN1_SCE_IRQHandler
                0x08000234                FLASH_IRQHandler
                0x08000234                DMA2_Stream4_IRQHandler
                0x08000234                BusFault_Handler
                0x08000234                USART1_IRQHandler
                0x08000234                SPI3_IRQHandler
                0x08000234                DMA1_Stream4_IRQHandler
                0x08000234                I2C1_ER_IRQHandler
                0x08000234                DMA2_Stream6_IRQHandler
                0x08000234                DMA1_Stream3_IRQHandler
 *fill*         0x08000236        0x2 
 .text.MX_FREERTOS_Init
                0x08000238       0x34 Application/User/freertos.o
                0x08000238                MX_FREERTOS_Init
 .text.StartDefaultTask
                0x0800026c      0x2f0 Application/User/freertos.o
                0x0800026c                StartDefaultTask
 .text.MX_GPIO_Init
                0x0800055c      0x1dc Application/User/gpio.o
                0x0800055c                MX_GPIO_Init
 .text.ClrP     0x08000738       0x30 Application/User/lcd.o
                0x08000738                ClrP
 .text.main     0x08000768       0x20 Application/User/main.o
                0x08000768                main
 .text.SystemClock_Config
                0x08000788       0xc0 Application/User/main.o
                0x08000788                SystemClock_Config
 .text.MX_SPI3_Init
                0x08000848       0x60 Application/User/spi.o
                0x08000848                MX_SPI3_Init
 .text.HAL_SPI_MspInit
                0x080008a8       0x60 Application/User/spi.o
                0x080008a8                HAL_SPI_MspInit
 .text.BSP_LED_Toggle
                0x08000908       0x30 Application/User/stm32f4_discovery.o
                0x08000908                BSP_LED_Toggle
 .text.HAL_MspInit
                0x08000938       0x18 Application/User/stm32f4xx_hal_msp.o
                0x08000938                HAL_MspInit
 .text.SysTick_Handler
                0x08000950       0x10 Application/User/stm32f4xx_it.o
                0x08000950                SysTick_Handler
 .text.OTG_FS_IRQHandler
                0x08000960       0x10 Application/User/stm32f4xx_it.o
                0x08000960                OTG_FS_IRQHandler
 .text.MX_USB_DEVICE_Init
                0x08000970       0x38 Application/User/usb_device.o
                0x08000970                MX_USB_DEVICE_Init
 .text.CDC_Init_FS
                0x080009a8       0x3c Application/User/usbd_cdc_if.o
 .text.CDC_DeInit_FS
                0x080009e4       0x14 Application/User/usbd_cdc_if.o
 .text.CDC_Control_FS
                0x080009f8       0xc0 Application/User/usbd_cdc_if.o
 .text.CDC_Receive_FS
                0x08000ab8       0x1c Application/User/usbd_cdc_if.o
 .text.CDC_Transmit_FS
                0x08000ad4       0x3c Application/User/usbd_cdc_if.o
                0x08000ad4                CDC_Transmit_FS
 .text.HAL_PCD_MspInit
                0x08000b10       0x90 Application/User/usbd_conf.o
                0x08000b10                HAL_PCD_MspInit
 .text.HAL_PCD_SetupStageCallback
                0x08000ba0       0x24 Application/User/usbd_conf.o
                0x08000ba0                HAL_PCD_SetupStageCallback
 .text.HAL_PCD_DataOutStageCallback
                0x08000bc4       0x38 Application/User/usbd_conf.o
                0x08000bc4                HAL_PCD_DataOutStageCallback
 .text.HAL_PCD_DataInStageCallback
                0x08000bfc       0x34 Application/User/usbd_conf.o
                0x08000bfc                HAL_PCD_DataInStageCallback
 .text.HAL_PCD_SOFCallback
                0x08000c30       0x1c Application/User/usbd_conf.o
                0x08000c30                HAL_PCD_SOFCallback
 .text.HAL_PCD_ResetCallback
                0x08000c4c       0x50 Application/User/usbd_conf.o
                0x08000c4c                HAL_PCD_ResetCallback
 .text.HAL_PCD_SuspendCallback
                0x08000c9c       0x4c Application/User/usbd_conf.o
                0x08000c9c                HAL_PCD_SuspendCallback
 .text.HAL_PCD_ResumeCallback
                0x08000ce8       0x1c Application/User/usbd_conf.o
                0x08000ce8                HAL_PCD_ResumeCallback
 .text.HAL_PCD_ISOOUTIncompleteCallback
                0x08000d04       0x24 Application/User/usbd_conf.o
                0x08000d04                HAL_PCD_ISOOUTIncompleteCallback
 .text.HAL_PCD_ISOINIncompleteCallback
                0x08000d28       0x24 Application/User/usbd_conf.o
                0x08000d28                HAL_PCD_ISOINIncompleteCallback
 .text.HAL_PCD_ConnectCallback
                0x08000d4c       0x1c Application/User/usbd_conf.o
                0x08000d4c                HAL_PCD_ConnectCallback
 .text.HAL_PCD_DisconnectCallback
                0x08000d68       0x1c Application/User/usbd_conf.o
                0x08000d68                HAL_PCD_DisconnectCallback
 .text.USBD_LL_Init
                0x08000d84       0x94 Application/User/usbd_conf.o
                0x08000d84                USBD_LL_Init
 .text.USBD_LL_Start
                0x08000e18       0x20 Application/User/usbd_conf.o
                0x08000e18                USBD_LL_Start
 .text.USBD_LL_OpenEP
                0x08000e38       0x34 Application/User/usbd_conf.o
                0x08000e38                USBD_LL_OpenEP
 .text.USBD_LL_CloseEP
                0x08000e6c       0x28 Application/User/usbd_conf.o
                0x08000e6c                USBD_LL_CloseEP
 .text.USBD_LL_StallEP
                0x08000e94       0x28 Application/User/usbd_conf.o
                0x08000e94                USBD_LL_StallEP
 .text.USBD_LL_ClearStallEP
                0x08000ebc       0x28 Application/User/usbd_conf.o
                0x08000ebc                USBD_LL_ClearStallEP
 .text.USBD_LL_IsStallEP
                0x08000ee4       0x58 Application/User/usbd_conf.o
                0x08000ee4                USBD_LL_IsStallEP
 .text.USBD_LL_SetUSBAddress
                0x08000f3c       0x28 Application/User/usbd_conf.o
                0x08000f3c                USBD_LL_SetUSBAddress
 .text.USBD_LL_Transmit
                0x08000f64       0x34 Application/User/usbd_conf.o
                0x08000f64                USBD_LL_Transmit
 .text.USBD_LL_PrepareReceive
                0x08000f98       0x34 Application/User/usbd_conf.o
                0x08000f98                USBD_LL_PrepareReceive
 .text.USBD_LL_GetRxDataSize
                0x08000fcc       0x28 Application/User/usbd_conf.o
                0x08000fcc                USBD_LL_GetRxDataSize
 .text.USBD_FS_DeviceDescriptor
                0x08000ff4       0x24 Application/User/usbd_desc.o
                0x08000ff4                USBD_FS_DeviceDescriptor
 .text.USBD_FS_LangIDStrDescriptor
                0x08001018       0x24 Application/User/usbd_desc.o
                0x08001018                USBD_FS_LangIDStrDescriptor
 .text.USBD_FS_ProductStrDescriptor
                0x0800103c       0x3c Application/User/usbd_desc.o
                0x0800103c                USBD_FS_ProductStrDescriptor
 .text.USBD_FS_ManufacturerStrDescriptor
                0x08001078       0x28 Application/User/usbd_desc.o
                0x08001078                USBD_FS_ManufacturerStrDescriptor
 .text.USBD_FS_SerialStrDescriptor
                0x080010a0       0x3c Application/User/usbd_desc.o
                0x080010a0                USBD_FS_SerialStrDescriptor
 .text.USBD_FS_ConfigStrDescriptor
                0x080010dc       0x3c Application/User/usbd_desc.o
                0x080010dc                USBD_FS_ConfigStrDescriptor
 .text.USBD_FS_InterfaceStrDescriptor
                0x08001118       0x3c Application/User/usbd_desc.o
                0x08001118                USBD_FS_InterfaceStrDescriptor
 .text.SystemInit
                0x08001154       0x6c Drivers/CMSIS/system_stm32f4xx.o
                0x08001154                SystemInit
 .text.HAL_Init
                0x080011c0       0x44 Drivers/STM32F4xx_HAL_Driver/stm32f4xx_hal.o
                0x080011c0                HAL_Init
 .text.HAL_InitTick
                0x08001204       0x38 Drivers/STM32F4xx_HAL_Driver/stm32f4xx_hal.o
                0x08001204                HAL_InitTick
 .text.HAL_IncTick
                0x0800123c       0x1c Drivers/STM32F4xx_HAL_Driver/stm32f4xx_hal.o
                0x0800123c                HAL_IncTick
 .text.HAL_GetTick
                0x08001258       0x18 Drivers/STM32F4xx_HAL_Driver/stm32f4xx_hal.o
                0x08001258                HAL_GetTick
 .text.HAL_Delay
                0x08001270       0x2c Drivers/STM32F4xx_HAL_Driver/stm32f4xx_hal.o
                0x08001270                HAL_Delay
 .text.NVIC_SetPriorityGrouping
                0x0800129c       0x48 Drivers/STM32F4xx_HAL_Driver/stm32f4xx_hal_cortex.o
 .text.NVIC_GetPriorityGrouping
                0x080012e4       0x1c Drivers/STM32F4xx_HAL_Driver/stm32f4xx_hal_cortex.o
 .text.NVIC_EnableIRQ
                0x08001300       0x30 Drivers/STM32F4xx_HAL_Driver/stm32f4xx_hal_cortex.o
 .text.NVIC_SetPriority
                0x08001330       0x54 Drivers/STM32F4xx_HAL_Driver/stm32f4xx_hal_cortex.o
 .text.NVIC_EncodePriority
                0x08001384       0x64 Drivers/STM32F4xx_HAL_Driver/stm32f4xx_hal_cortex.o
 .text.SysTick_Config
                0x080013e8       0x44 Drivers/STM32F4xx_HAL_Driver/stm32f4xx_hal_cortex.o
 .text.HAL_NVIC_SetPriorityGrouping
                0x0800142c       0x14 Drivers/STM32F4xx_HAL_Driver/stm32f4xx_hal_cortex.o
                0x0800142c                HAL_NVIC_SetPriorityGrouping
 .text.HAL_NVIC_SetPriority
                0x08001440       0x38 Drivers/STM32F4xx_HAL_Driver/stm32f4xx_hal_cortex.o
                0x08001440                HAL_NVIC_SetPriority
 .text.HAL_NVIC_EnableIRQ
                0x08001478       0x1c Drivers/STM32F4xx_HAL_Driver/stm32f4xx_hal_cortex.o
                0x08001478                HAL_NVIC_EnableIRQ
 .text.HAL_SYSTICK_Config
                0x08001494       0x18 Drivers/STM32F4xx_HAL_Driver/stm32f4xx_hal_cortex.o
                0x08001494                HAL_SYSTICK_Config
 .text.HAL_SYSTICK_CLKSourceConfig
                0x080014ac       0x38 Drivers/STM32F4xx_HAL_Driver/stm32f4xx_hal_cortex.o
                0x080014ac                HAL_SYSTICK_CLKSourceConfig
 .text.HAL_GPIO_Init
                0x080014e4      0x338 Drivers/STM32F4xx_HAL_Driver/stm32f4xx_hal_gpio.o
                0x080014e4                HAL_GPIO_Init
 .text.HAL_GPIO_TogglePin
                0x0800181c       0x24 Drivers/STM32F4xx_HAL_Driver/stm32f4xx_hal_gpio.o
                0x0800181c                HAL_GPIO_TogglePin
 .text.HAL_PCD_Init
                0x08001840      0x210 Drivers/STM32F4xx_HAL_Driver/stm32f4xx_hal_pcd.o
                0x08001840                HAL_PCD_Init
 .text.HAL_PCD_Start
                0x08001a50       0x44 Drivers/STM32F4xx_HAL_Driver/stm32f4xx_hal_pcd.o
                0x08001a50                HAL_PCD_Start
 .text.HAL_PCD_IRQHandler
                0x08001a94      0x7a0 Drivers/STM32F4xx_HAL_Driver/stm32f4xx_hal_pcd.o
                0x08001a94                HAL_PCD_IRQHandler
 .text.HAL_PCD_SetAddress
                0x08002234       0x44 Drivers/STM32F4xx_HAL_Driver/stm32f4xx_hal_pcd.o
                0x08002234                HAL_PCD_SetAddress
 .text.HAL_PCD_EP_Open
                0x08002278       0xd0 Drivers/STM32F4xx_HAL_Driver/stm32f4xx_hal_pcd.o
                0x08002278                HAL_PCD_EP_Open
 .text.HAL_PCD_EP_Close
                0x08002348       0x94 Drivers/STM32F4xx_HAL_Driver/stm32f4xx_hal_pcd.o
                0x08002348                HAL_PCD_EP_Close
 .text.HAL_PCD_EP_Receive
                0x080023dc       0xb8 Drivers/STM32F4xx_HAL_Driver/stm32f4xx_hal_pcd.o
                0x080023dc                HAL_PCD_EP_Receive
 .text.HAL_PCD_EP_GetRxCount
                0x08002494       0x34 Drivers/STM32F4xx_HAL_Driver/stm32f4xx_hal_pcd.o
                0x08002494                HAL_PCD_EP_GetRxCount
 .text.HAL_PCD_EP_Transmit
                0x080024c8       0xb4 Drivers/STM32F4xx_HAL_Driver/stm32f4xx_hal_pcd.o
                0x080024c8                HAL_PCD_EP_Transmit
 .text.HAL_PCD_EP_SetStall
                0x0800257c       0xb8 Drivers/STM32F4xx_HAL_Driver/stm32f4xx_hal_pcd.o
                0x0800257c                HAL_PCD_EP_SetStall
 .text.HAL_PCD_EP_ClrStall
                0x08002634       0x94 Drivers/STM32F4xx_HAL_Driver/stm32f4xx_hal_pcd.o
                0x08002634                HAL_PCD_EP_ClrStall
 .text.PCD_WriteEmptyTxFifo
                0x080026c8      0x110 Drivers/STM32F4xx_HAL_Driver/stm32f4xx_hal_pcd.o
 .text.HAL_PCDEx_SetTxFiFo
                0x080027d8       0x98 Drivers/STM32F4xx_HAL_Driver/stm32f4xx_hal_pcd_ex.o
                0x080027d8                HAL_PCDEx_SetTxFiFo
 .text.HAL_PCDEx_SetRxFiFo
                0x08002870       0x24 Drivers/STM32F4xx_HAL_Driver/stm32f4xx_hal_pcd_ex.o
                0x08002870                HAL_PCDEx_SetRxFiFo
 .text.HAL_RCC_OscConfig
                0x08002894      0x48c Drivers/STM32F4xx_HAL_Driver/stm32f4xx_hal_rcc.o
                0x08002894                HAL_RCC_OscConfig
 .text.HAL_RCC_ClockConfig
                0x08002d20      0x31c Drivers/STM32F4xx_HAL_Driver/stm32f4xx_hal_rcc.o
                0x08002d20                HAL_RCC_ClockConfig
 .text.HAL_RCC_GetSysClockFreq
                0x0800303c       0xfc Drivers/STM32F4xx_HAL_Driver/stm32f4xx_hal_rcc.o
                0x0800303c                HAL_RCC_GetSysClockFreq
 .text.HAL_RCC_GetHCLKFreq
                0x08003138       0x50 Drivers/STM32F4xx_HAL_Driver/stm32f4xx_hal_rcc.o
                0x08003138                HAL_RCC_GetHCLKFreq
 .text.HAL_SPI_Init
                0x08003188       0xcc Drivers/STM32F4xx_HAL_Driver/stm32f4xx_hal_spi.o
                0x08003188                HAL_SPI_Init
 .text.HAL_SPI_TransmitReceive
                0x08003254      0x4b8 Drivers/STM32F4xx_HAL_Driver/stm32f4xx_hal_spi.o
                0x08003254                HAL_SPI_TransmitReceive
 .text.SPI_WaitOnFlagUntilTimeout
                0x0800370c      0x148 Drivers/STM32F4xx_HAL_Driver/stm32f4xx_hal_spi.o
 .text.USB_CoreInit
                0x08003854       0xa4 Drivers/STM32F4xx_HAL_Driver/stm32f4xx_ll_usb.o
                0x08003854                USB_CoreInit
 .text.USB_EnableGlobalInt
                0x080038f8       0x24 Drivers/STM32F4xx_HAL_Driver/stm32f4xx_ll_usb.o
                0x080038f8                USB_EnableGlobalInt
 .text.USB_DisableGlobalInt
                0x0800391c       0x24 Drivers/STM32F4xx_HAL_Driver/stm32f4xx_ll_usb.o
                0x0800391c                USB_DisableGlobalInt
 .text.USB_SetCurrentMode
                0x08003940       0x50 Drivers/STM32F4xx_HAL_Driver/stm32f4xx_ll_usb.o
                0x08003940                USB_SetCurrentMode
 .text.USB_DevInit
                0x08003990      0x258 Drivers/STM32F4xx_HAL_Driver/stm32f4xx_ll_usb.o
                0x08003990                USB_DevInit
 .text.USB_FlushTxFifo
                0x08003be8       0x4c Drivers/STM32F4xx_HAL_Driver/stm32f4xx_ll_usb.o
                0x08003be8                USB_FlushTxFifo
 .text.USB_FlushRxFifo
                0x08003c34       0x44 Drivers/STM32F4xx_HAL_Driver/stm32f4xx_ll_usb.o
                0x08003c34                USB_FlushRxFifo
 .text.USB_SetDevSpeed
                0x08003c78       0x30 Drivers/STM32F4xx_HAL_Driver/stm32f4xx_ll_usb.o
                0x08003c78                USB_SetDevSpeed
 .text.USB_GetDevSpeed
                0x08003ca8       0x6c Drivers/STM32F4xx_HAL_Driver/stm32f4xx_ll_usb.o
                0x08003ca8                USB_GetDevSpeed
 .text.USB_ActivateEndpoint
                0x08003d14      0x114 Drivers/STM32F4xx_HAL_Driver/stm32f4xx_ll_usb.o
                0x08003d14                USB_ActivateEndpoint
 .text.USB_DeactivateEndpoint
                0x08003e28       0xf8 Drivers/STM32F4xx_HAL_Driver/stm32f4xx_ll_usb.o
                0x08003e28                USB_DeactivateEndpoint
 .text.USB_EPStartXfer
                0x08003f20      0x484 Drivers/STM32F4xx_HAL_Driver/stm32f4xx_ll_usb.o
                0x08003f20                USB_EPStartXfer
 .text.USB_EP0StartXfer
                0x080043a4      0x2bc Drivers/STM32F4xx_HAL_Driver/stm32f4xx_ll_usb.o
                0x080043a4                USB_EP0StartXfer
 .text.USB_WritePacket
                0x08004660       0x70 Drivers/STM32F4xx_HAL_Driver/stm32f4xx_ll_usb.o
                0x08004660                USB_WritePacket
 .text.USB_ReadPacket
                0x080046d0       0x54 Drivers/STM32F4xx_HAL_Driver/stm32f4xx_ll_usb.o
                0x080046d0                USB_ReadPacket
 .text.USB_EPSetStall
                0x08004724       0xe4 Drivers/STM32F4xx_HAL_Driver/stm32f4xx_ll_usb.o
                0x08004724                USB_EPSetStall
 .text.USB_EPClearStall
                0x08004808       0xdc Drivers/STM32F4xx_HAL_Driver/stm32f4xx_ll_usb.o
                0x08004808                USB_EPClearStall
 .text.USB_SetDevAddress
                0x080048e4       0x4c Drivers/STM32F4xx_HAL_Driver/stm32f4xx_ll_usb.o
                0x080048e4                USB_SetDevAddress
 .text.USB_DevConnect
                0x08004930       0x30 Drivers/STM32F4xx_HAL_Driver/stm32f4xx_ll_usb.o
                0x08004930                USB_DevConnect
 .text.USB_DevDisconnect
                0x08004960       0x30 Drivers/STM32F4xx_HAL_Driver/stm32f4xx_ll_usb.o
                0x08004960                USB_DevDisconnect
 .text.USB_ReadInterrupts
                0x08004990       0x2c Drivers/STM32F4xx_HAL_Driver/stm32f4xx_ll_usb.o
                0x08004990                USB_ReadInterrupts
 .text.USB_ReadDevAllOutEpInterrupt
                0x080049bc       0x30 Drivers/STM32F4xx_HAL_Driver/stm32f4xx_ll_usb.o
                0x080049bc                USB_ReadDevAllOutEpInterrupt
 .text.USB_ReadDevAllInEpInterrupt
                0x080049ec       0x30 Drivers/STM32F4xx_HAL_Driver/stm32f4xx_ll_usb.o
                0x080049ec                USB_ReadDevAllInEpInterrupt
 .text.USB_ReadDevOutEPInterrupt
                0x08004a1c       0x38 Drivers/STM32F4xx_HAL_Driver/stm32f4xx_ll_usb.o
                0x08004a1c                USB_ReadDevOutEPInterrupt
 .text.USB_ReadDevInEPInterrupt
                0x08004a54       0x54 Drivers/STM32F4xx_HAL_Driver/stm32f4xx_ll_usb.o
                0x08004a54                USB_ReadDevInEPInterrupt
 .text.USB_GetMode
                0x08004aa8       0x1c Drivers/STM32F4xx_HAL_Driver/stm32f4xx_ll_usb.o
                0x08004aa8                USB_GetMode
 .text.USB_ActivateSetup
                0x08004ac4       0x6c Drivers/STM32F4xx_HAL_Driver/stm32f4xx_ll_usb.o
                0x08004ac4                USB_ActivateSetup
 .text.USB_EP0_OutStart
                0x08004b30       0x8c Drivers/STM32F4xx_HAL_Driver/stm32f4xx_ll_usb.o
                0x08004b30                USB_EP0_OutStart
 .text.USB_CoreReset
                0x08004bbc       0x68 Drivers/STM32F4xx_HAL_Driver/stm32f4xx_ll_usb.o
 .text.makeFreeRtosPriority
                0x08004c24       0x30 Middlewares/FreeRTOS/cmsis_os.o
 .text.osKernelStart
                0x08004c54       0x10 Middlewares/FreeRTOS/cmsis_os.o
                0x08004c54                osKernelStart
 .text.osThreadCreate
                0x08004c64       0x58 Middlewares/FreeRTOS/cmsis_os.o
                0x08004c64                osThreadCreate
 .text.osDelay  0x08004cbc       0x28 Middlewares/FreeRTOS/cmsis_os.o
                0x08004cbc                osDelay
 .text.osSystickHandler
                0x08004ce4       0x14 Middlewares/FreeRTOS/cmsis_os.o
                0x08004ce4                osSystickHandler
 .text.pvPortMalloc
                0x08004cf8      0x184 Middlewares/FreeRTOS/heap_4.o
                0x08004cf8                pvPortMalloc
 .text.vPortFree
                0x08004e7c       0xb0 Middlewares/FreeRTOS/heap_4.o
                0x08004e7c                vPortFree
 .text.prvHeapInit
                0x08004f2c       0xc4 Middlewares/FreeRTOS/heap_4.o
 .text.prvInsertBlockIntoFreeList
                0x08004ff0       0xb0 Middlewares/FreeRTOS/heap_4.o
 .text.vListInitialise
                0x080050a0       0x40 Middlewares/FreeRTOS/list.o
                0x080050a0                vListInitialise
 .text.vListInitialiseItem
                0x080050e0       0x18 Middlewares/FreeRTOS/list.o
                0x080050e0                vListInitialiseItem
 .text.vListInsertEnd
                0x080050f8       0x48 Middlewares/FreeRTOS/list.o
                0x080050f8                vListInsertEnd
 .text.vListInsert
                0x08005140       0x70 Middlewares/FreeRTOS/list.o
                0x08005140                vListInsert
 .text.uxListRemove
                0x080051b0       0x54 Middlewares/FreeRTOS/list.o
                0x080051b0                uxListRemove
 .text.pxPortInitialiseStack
                0x08005204       0x64 Middlewares/FreeRTOS/port.o
                0x08005204                pxPortInitialiseStack
 .text.prvTaskExitError
                0x08005268       0x3c Middlewares/FreeRTOS/port.o
 .text.SVC_Handler
                0x080052a4       0x20 Middlewares/FreeRTOS/port.o
                0x080052a4                SVC_Handler
 .text.prvPortStartFirstTask
                0x080052c4       0x20 Middlewares/FreeRTOS/port.o
 .text.xPortStartScheduler
                0x080052e4      0x118 Middlewares/FreeRTOS/port.o
                0x080052e4                xPortStartScheduler
 .text.vPortEnterCritical
                0x080053fc       0x5c Middlewares/FreeRTOS/port.o
                0x080053fc                vPortEnterCritical
 .text.vPortExitCritical
                0x08005458       0x4c Middlewares/FreeRTOS/port.o
                0x08005458                vPortExitCritical
 .text.PendSV_Handler
                0x080054a4       0x60 Middlewares/FreeRTOS/port.o
                0x080054a4                PendSV_Handler
 .text.xPortSysTickHandler
                0x08005504       0x44 Middlewares/FreeRTOS/port.o
                0x08005504                xPortSysTickHandler
 .text.vPortSetupTimerInterrupt
                0x08005548       0x34 Middlewares/FreeRTOS/port.o
                0x08005548                vPortSetupTimerInterrupt
 .text.vPortEnableVFP
                0x0800557c       0x14 Middlewares/FreeRTOS/port.o
 .text.xTaskGenericCreate
                0x08005590      0x1a4 Middlewares/FreeRTOS/tasks.o
                0x08005590                xTaskGenericCreate
 .text.vTaskDelay
                0x08005734       0xa4 Middlewares/FreeRTOS/tasks.o
                0x08005734                vTaskDelay
 .text.vTaskStartScheduler
                0x080057d8       0x80 Middlewares/FreeRTOS/tasks.o
                0x080057d8                vTaskStartScheduler
 .text.vTaskSuspendAll
                0x08005858       0x1c Middlewares/FreeRTOS/tasks.o
                0x08005858                vTaskSuspendAll
 .text.xTaskResumeAll
                0x08005874      0x12c Middlewares/FreeRTOS/tasks.o
                0x08005874                xTaskResumeAll
 .text.xTaskIncrementTick
                0x080059a0      0x180 Middlewares/FreeRTOS/tasks.o
                0x080059a0                xTaskIncrementTick
 .text.vTaskSwitchContext
                0x08005b20       0xb4 Middlewares/FreeRTOS/tasks.o
                0x08005b20                vTaskSwitchContext
 .text.prvIdleTask
                0x08005bd4       0x30 Middlewares/FreeRTOS/tasks.o
 .text.prvInitialiseTCBVariables
                0x08005c04       0xa4 Middlewares/FreeRTOS/tasks.o
 .text.prvInitialiseTaskLists
                0x08005ca8       0x7c Middlewares/FreeRTOS/tasks.o
 .text.prvCheckTasksWaitingTermination
                0x08005d24       0x74 Middlewares/FreeRTOS/tasks.o
 .text.prvAddCurrentTaskToDelayedList
                0x08005d98       0x6c Middlewares/FreeRTOS/tasks.o
 .text.prvAllocateTCBAndStack
                0x08005e04       0x70 Middlewares/FreeRTOS/tasks.o
 .text.prvDeleteTCB
                0x08005e74       0x20 Middlewares/FreeRTOS/tasks.o
 .text.prvResetNextTaskUnblockTime
                0x08005e94       0x48 Middlewares/FreeRTOS/tasks.o
 .text.xTaskGetSchedulerState
                0x08005edc       0x3c Middlewares/FreeRTOS/tasks.o
                0x08005edc                xTaskGetSchedulerState
 .text.USBD_CDC_Init
                0x08005f18       0xd8 Middlewares/USB_Device_Library/usbd_cdc.o
 .text.USBD_CDC_DeInit
                0x08005ff0       0x5c Middlewares/USB_Device_Library/usbd_cdc.o
 .text.USBD_CDC_Setup
                0x0800604c       0xc4 Middlewares/USB_Device_Library/usbd_cdc.o
 .text.USBD_CDC_DataIn
                0x08006110       0x38 Middlewares/USB_Device_Library/usbd_cdc.o
 .text.USBD_CDC_DataOut
                0x08006148       0x58 Middlewares/USB_Device_Library/usbd_cdc.o
 .text.USBD_CDC_EP0_RxReady
                0x080061a0       0x50 Middlewares/USB_Device_Library/usbd_cdc.o
 .text.USBD_CDC_GetFSCfgDesc
                0x080061f0       0x20 Middlewares/USB_Device_Library/usbd_cdc.o
 .text.USBD_CDC_GetHSCfgDesc
                0x08006210       0x20 Middlewares/USB_Device_Library/usbd_cdc.o
 .text.USBD_CDC_GetOtherSpeedCfgDesc
                0x08006230       0x20 Middlewares/USB_Device_Library/usbd_cdc.o
 .text.USBD_CDC_GetDeviceQualifierDescriptor
                0x08006250       0x20 Middlewares/USB_Device_Library/usbd_cdc.o
                0x08006250                USBD_CDC_GetDeviceQualifierDescriptor
 .text.USBD_CDC_RegisterInterface
                0x08006270       0x30 Middlewares/USB_Device_Library/usbd_cdc.o
                0x08006270                USBD_CDC_RegisterInterface
 .text.USBD_CDC_SetTxBuffer
                0x080062a0       0x34 Middlewares/USB_Device_Library/usbd_cdc.o
                0x080062a0                USBD_CDC_SetTxBuffer
 .text.USBD_CDC_SetRxBuffer
                0x080062d4       0x28 Middlewares/USB_Device_Library/usbd_cdc.o
                0x080062d4                USBD_CDC_SetRxBuffer
 .text.USBD_CDC_TransmitPacket
                0x080062fc       0x54 Middlewares/USB_Device_Library/usbd_cdc.o
                0x080062fc                USBD_CDC_TransmitPacket
 .text.USBD_Init
                0x08006350       0x58 Middlewares/USB_Device_Library/usbd_core.o
                0x08006350                USBD_Init
 .text.USBD_RegisterClass
                0x080063a8       0x34 Middlewares/USB_Device_Library/usbd_core.o
                0x080063a8                USBD_RegisterClass
 .text.USBD_Start
                0x080063dc       0x18 Middlewares/USB_Device_Library/usbd_core.o
                0x080063dc                USBD_Start
 .text.USBD_RunTestMode
                0x080063f4       0x18 Middlewares/USB_Device_Library/usbd_core.o
                0x080063f4                USBD_RunTestMode
 .text.USBD_SetClassConfig
                0x0800640c       0x40 Middlewares/USB_Device_Library/usbd_core.o
                0x0800640c                USBD_SetClassConfig
 .text.USBD_ClrClassConfig
                0x0800644c       0x28 Middlewares/USB_Device_Library/usbd_core.o
                0x0800644c                USBD_ClrClassConfig
 .text.USBD_LL_SetupStage
                0x08006474       0x94 Middlewares/USB_Device_Library/usbd_core.o
                0x08006474                USBD_LL_SetupStage
 .text.USBD_LL_DataOutStage
                0x08006508       0xb8 Middlewares/USB_Device_Library/usbd_core.o
                0x08006508                USBD_LL_DataOutStage
 .text.USBD_LL_DataInStage
                0x080065c0      0x120 Middlewares/USB_Device_Library/usbd_core.o
                0x080065c0                USBD_LL_DataInStage
 .text.USBD_LL_Reset
                0x080066e0       0x60 Middlewares/USB_Device_Library/usbd_core.o
                0x080066e0                USBD_LL_Reset
 .text.USBD_LL_SetSpeed
                0x08006740       0x20 Middlewares/USB_Device_Library/usbd_core.o
                0x08006740                USBD_LL_SetSpeed
 .text.USBD_LL_Suspend
                0x08006760       0x2c Middlewares/USB_Device_Library/usbd_core.o
                0x08006760                USBD_LL_Suspend
 .text.USBD_LL_Resume
                0x0800678c       0x24 Middlewares/USB_Device_Library/usbd_core.o
                0x0800678c                USBD_LL_Resume
 .text.USBD_LL_SOF
                0x080067b0       0x34 Middlewares/USB_Device_Library/usbd_core.o
                0x080067b0                USBD_LL_SOF
 .text.USBD_LL_IsoINIncomplete
                0x080067e4       0x1c Middlewares/USB_Device_Library/usbd_core.o
                0x080067e4                USBD_LL_IsoINIncomplete
 .text.USBD_LL_IsoOUTIncomplete
                0x08006800       0x1c Middlewares/USB_Device_Library/usbd_core.o
                0x08006800                USBD_LL_IsoOUTIncomplete
 .text.USBD_LL_DevConnected
                0x0800681c       0x18 Middlewares/USB_Device_Library/usbd_core.o
                0x0800681c                USBD_LL_DevConnected
 .text.USBD_LL_DevDisconnected
                0x08006834       0x30 Middlewares/USB_Device_Library/usbd_core.o
                0x08006834                USBD_LL_DevDisconnected
 .text.USBD_StdDevReq
                0x08006864       0xa0 Middlewares/USB_Device_Library/usbd_ctlreq.o
                0x08006864                USBD_StdDevReq
 .text.USBD_StdItfReq
                0x08006904       0x68 Middlewares/USB_Device_Library/usbd_ctlreq.o
                0x08006904                USBD_StdItfReq
 .text.USBD_StdEPReq
                0x0800696c      0x1b0 Middlewares/USB_Device_Library/usbd_ctlreq.o
                0x0800696c                USBD_StdEPReq
 .text.USBD_GetDescriptor
                0x08006b1c      0x1f8 Middlewares/USB_Device_Library/usbd_ctlreq.o
 .text.USBD_SetAddress
                0x08006d14       0x7c Middlewares/USB_Device_Library/usbd_ctlreq.o
 .text.USBD_SetConfig
                0x08006d90      0x114 Middlewares/USB_Device_Library/usbd_ctlreq.o
 .text.USBD_GetConfig
                0x08006ea4       0x64 Middlewares/USB_Device_Library/usbd_ctlreq.o
 .text.USBD_GetStatus
                0x08006f08       0x54 Middlewares/USB_Device_Library/usbd_ctlreq.o
 .text.USBD_SetFeature
                0x08006f5c       0x34 Middlewares/USB_Device_Library/usbd_ctlreq.o
 .text.USBD_ClrFeature
                0x08006f90       0x50 Middlewares/USB_Device_Library/usbd_ctlreq.o
 .text.USBD_ParseSetupRequest
                0x08006fe0       0x78 Middlewares/USB_Device_Library/usbd_ctlreq.o
                0x08006fe0                USBD_ParseSetupRequest
 .text.USBD_CtlError
                0x08007058       0x20 Middlewares/USB_Device_Library/usbd_ctlreq.o
                0x08007058                USBD_CtlError
 .text.USBD_GetString
                0x08007078       0x84 Middlewares/USB_Device_Library/usbd_ctlreq.o
                0x08007078                USBD_GetString
 .text.USBD_GetLen
                0x080070fc       0x30 Middlewares/USB_Device_Library/usbd_ctlreq.o
 .text.USBD_CtlSendData
                0x0800712c       0x38 Middlewares/USB_Device_Library/usbd_ioreq.o
                0x0800712c                USBD_CtlSendData
 .text.USBD_CtlContinueSendData
                0x08007164       0x24 Middlewares/USB_Device_Library/usbd_ioreq.o
                0x08007164                USBD_CtlContinueSendData
 .text.USBD_CtlPrepareRx
                0x08007188       0x3c Middlewares/USB_Device_Library/usbd_ioreq.o
                0x08007188                USBD_CtlPrepareRx
 .text.USBD_CtlContinueRx
                0x080071c4       0x24 Middlewares/USB_Device_Library/usbd_ioreq.o
                0x080071c4                USBD_CtlContinueRx
 .text.USBD_CtlSendStatus
                0x080071e8       0x28 Middlewares/USB_Device_Library/usbd_ioreq.o
                0x080071e8                USBD_CtlSendStatus
 .text.USBD_CtlReceiveStatus
                0x08007210       0x28 Middlewares/USB_Device_Library/usbd_ioreq.o
                0x08007210                USBD_CtlReceiveStatus
 .text.__libc_init_array
                0x08007238       0x4c c:/eclipse/eclipse_mars_sr1/plugins/fr.ac6.mcu.externaltools.arm-none.win32_1.3.0.201507241045/tools/compiler/bin/../lib/gcc/arm-none-eabi/4.9.3/../../../../arm-none-eabi/lib/armv7e-m/fpu\libc_nano.a(lib_a-init.o)
                0x08007238                __libc_init_array
 .text.__itoa   0x08007284       0x2e c:/eclipse/eclipse_mars_sr1/plugins/fr.ac6.mcu.externaltools.arm-none.win32_1.3.0.201507241045/tools/compiler/bin/../lib/gcc/arm-none-eabi/4.9.3/../../../../arm-none-eabi/lib/armv7e-m/fpu\libc_nano.a(lib_a-itoa.o)
                0x08007284                __itoa
 .text.itoa     0x080072b2        0x4 c:/eclipse/eclipse_mars_sr1/plugins/fr.ac6.mcu.externaltools.arm-none.win32_1.3.0.201507241045/tools/compiler/bin/../lib/gcc/arm-none-eabi/4.9.3/../../../../arm-none-eabi/lib/armv7e-m/fpu\libc_nano.a(lib_a-itoa.o)
                0x080072b2                itoa
 *fill*         0x080072b6        0x2 
 .text.malloc   0x080072b8       0x10 c:/eclipse/eclipse_mars_sr1/plugins/fr.ac6.mcu.externaltools.arm-none.win32_1.3.0.201507241045/tools/compiler/bin/../lib/gcc/arm-none-eabi/4.9.3/../../../../arm-none-eabi/lib/armv7e-m/fpu\libc_nano.a(lib_a-malloc.o)
                0x080072b8                malloc
 .text.free     0x080072c8       0x10 c:/eclipse/eclipse_mars_sr1/plugins/fr.ac6.mcu.externaltools.arm-none.win32_1.3.0.201507241045/tools/compiler/bin/../lib/gcc/arm-none-eabi/4.9.3/../../../../arm-none-eabi/lib/armv7e-m/fpu\libc_nano.a(lib_a-malloc.o)
                0x080072c8                free
 .text.memset   0x080072d8       0x10 c:/eclipse/eclipse_mars_sr1/plugins/fr.ac6.mcu.externaltools.arm-none.win32_1.3.0.201507241045/tools/compiler/bin/../lib/gcc/arm-none-eabi/4.9.3/../../../../arm-none-eabi/lib/armv7e-m/fpu\libc_nano.a(lib_a-memset.o)
                0x080072d8                memset
 .text._free_r  0x080072e8       0x88 c:/eclipse/eclipse_mars_sr1/plugins/fr.ac6.mcu.externaltools.arm-none.win32_1.3.0.201507241045/tools/compiler/bin/../lib/gcc/arm-none-eabi/4.9.3/../../../../arm-none-eabi/lib/armv7e-m/fpu\libc_nano.a(lib_a-nano-freer.o)
                0x080072e8                _free_r
 .text._malloc_r
                0x08007370       0xac c:/eclipse/eclipse_mars_sr1/plugins/fr.ac6.mcu.externaltools.arm-none.win32_1.3.0.201507241045/tools/compiler/bin/../lib/gcc/arm-none-eabi/4.9.3/../../../../arm-none-eabi/lib/armv7e-m/fpu\libc_nano.a(lib_a-nano-mallocr.o)
                0x08007370                _malloc_r
 .text._sbrk_r  0x0800741c       0x20 c:/eclipse/eclipse_mars_sr1/plugins/fr.ac6.mcu.externaltools.arm-none.win32_1.3.0.201507241045/tools/compiler/bin/../lib/gcc/arm-none-eabi/4.9.3/../../../../arm-none-eabi/lib/armv7e-m/fpu\libc_nano.a(lib_a-sbrkr.o)
                0x0800741c                _sbrk_r
 .text.__utoa   0x0800743c       0x78 c:/eclipse/eclipse_mars_sr1/plugins/fr.ac6.mcu.externaltools.arm-none.win32_1.3.0.201507241045/tools/compiler/bin/../lib/gcc/arm-none-eabi/4.9.3/../../../../arm-none-eabi/lib/armv7e-m/fpu\libc_nano.a(lib_a-utoa.o)
                0x0800743c                __utoa
 .text._sbrk    0x080074b4       0x1c c:/eclipse/eclipse_mars_sr1/plugins/fr.ac6.mcu.externaltools.arm-none.win32_1.3.0.201507241045/tools/compiler/bin/../lib/gcc/arm-none-eabi/4.9.3/../../../../arm-none-eabi/lib/armv7e-m/fpu\libnosys.a(sbrk.o)
                0x080074b4                _sbrk
 *(.glue_7)
 .glue_7        0x00000000        0x0 linker stubs
 *(.glue_7t)
 .glue_7t       0x00000000        0x0 linker stubs
 *(.eh_frame)
 .eh_frame      0x080074d0        0x0 c:/eclipse/eclipse_mars_sr1/plugins/fr.ac6.mcu.externaltools.arm-none.win32_1.3.0.201507241045/tools/compiler/bin/../lib/gcc/arm-none-eabi/4.9.3/armv7e-m/fpu/crtbegin.o
 *(.init)
 .init          0x080074d0        0x4 c:/eclipse/eclipse_mars_sr1/plugins/fr.ac6.mcu.externaltools.arm-none.win32_1.3.0.201507241045/tools/compiler/bin/../lib/gcc/arm-none-eabi/4.9.3/armv7e-m/fpu/crti.o
                0x080074d0                _init
 .init          0x080074d4        0x8 c:/eclipse/eclipse_mars_sr1/plugins/fr.ac6.mcu.externaltools.arm-none.win32_1.3.0.201507241045/tools/compiler/bin/../lib/gcc/arm-none-eabi/4.9.3/armv7e-m/fpu/crtn.o
 *(.fini)
 .fini          0x080074dc        0x4 c:/eclipse/eclipse_mars_sr1/plugins/fr.ac6.mcu.externaltools.arm-none.win32_1.3.0.201507241045/tools/compiler/bin/../lib/gcc/arm-none-eabi/4.9.3/armv7e-m/fpu/crti.o
                0x080074dc                _fini
 .fini          0x080074e0        0x8 c:/eclipse/eclipse_mars_sr1/plugins/fr.ac6.mcu.externaltools.arm-none.win32_1.3.0.201507241045/tools/compiler/bin/../lib/gcc/arm-none-eabi/4.9.3/armv7e-m/fpu/crtn.o
                0x080074e8                . = ALIGN (0x4)
                0x080074e8                _etext = .

.vfp11_veneer   0x080074e8        0x0
 .vfp11_veneer  0x00000000        0x0 linker stubs

.v4_bx          0x080074e8        0x0
 .v4_bx         0x00000000        0x0 linker stubs

.iplt           0x080074e8        0x0
 .iplt          0x00000000        0x0 c:/eclipse/eclipse_mars_sr1/plugins/fr.ac6.mcu.externaltools.arm-none.win32_1.3.0.201507241045/tools/compiler/bin/../lib/gcc/arm-none-eabi/4.9.3/armv7e-m/fpu/crtbegin.o

.rodata         0x080074e8       0xf4
                0x080074e8                . = ALIGN (0x4)
 *(.rodata)
 .rodata        0x080074e8       0x3c Application/User/freertos.o
 .rodata        0x08007524       0x10 Application/User/lcd.o
                0x08007524                GPIO_PIN
 .rodata        0x08007534       0x10 Application/User/stm32f4_discovery.o
                0x08007534                GPIO_PIN_LED
                0x0800753c                BUTTON_PIN
                0x08007540                BUTTON_IRQn
 .rodata        0x08007544       0x58 Application/User/usbd_desc.o
 .rodata        0x0800759c       0x10 Drivers/STM32F4xx_HAL_Driver/stm32f4xx_hal_rcc.o
                0x0800759c                APBAHBPrescTable
 .rodata        0x080075ac        0x8 Middlewares/FreeRTOS/tasks.o
 *(.rodata*)
 .rodata.str1.1
                0x080075b4        0x2 c:/eclipse/eclipse_mars_sr1/plugins/fr.ac6.mcu.externaltools.arm-none.win32_1.3.0.201507241045/tools/compiler/bin/../lib/gcc/arm-none-eabi/4.9.3/../../../../arm-none-eabi/lib/armv7e-m/fpu\libc_nano.a(lib_a-impure.o)
 .rodata.str1.1
                0x080075b6       0x25 c:/eclipse/eclipse_mars_sr1/plugins/fr.ac6.mcu.externaltools.arm-none.win32_1.3.0.201507241045/tools/compiler/bin/../lib/gcc/arm-none-eabi/4.9.3/../../../../arm-none-eabi/lib/armv7e-m/fpu\libc_nano.a(lib_a-utoa.o)
                0x080075dc                . = ALIGN (0x4)
 *fill*         0x080075db        0x1 

.rel.dyn        0x080075dc        0x0
 .rel.iplt      0x00000000        0x0 c:/eclipse/eclipse_mars_sr1/plugins/fr.ac6.mcu.externaltools.arm-none.win32_1.3.0.201507241045/tools/compiler/bin/../lib/gcc/arm-none-eabi/4.9.3/armv7e-m/fpu/crtbegin.o

.ARM.extab
 *(.ARM.extab* .gnu.linkonce.armextab.*)

.ARM            0x080075dc        0x0
                0x080075dc                __exidx_start = .
 *(.ARM.exidx*)
                0x080075dc                __exidx_end = .

.preinit_array  0x080075dc        0x0
                0x080075dc                PROVIDE (__preinit_array_start, .)
 *(.preinit_array*)
                0x080075dc                PROVIDE (__preinit_array_end, .)

.init_array     0x080075dc        0x4
                0x080075dc                PROVIDE (__init_array_start, .)
 *(SORT(.init_array.*))
 *(.init_array*)
 .init_array    0x080075dc        0x4 c:/eclipse/eclipse_mars_sr1/plugins/fr.ac6.mcu.externaltools.arm-none.win32_1.3.0.201507241045/tools/compiler/bin/../lib/gcc/arm-none-eabi/4.9.3/armv7e-m/fpu/crtbegin.o
                0x080075e0                PROVIDE (__init_array_end, .)

.fini_array     0x080075e0        0x4
                0x080075e0                PROVIDE (__fini_array_start, .)
 *(SORT(.fini_array.*))
 *(.fini_array*)
 .fini_array    0x080075e0        0x4 c:/eclipse/eclipse_mars_sr1/plugins/fr.ac6.mcu.externaltools.arm-none.win32_1.3.0.201507241045/tools/compiler/bin/../lib/gcc/arm-none-eabi/4.9.3/armv7e-m/fpu/crtbegin.o
                0x080075e4                PROVIDE (__fini_array_end, .)
                0x080075e4                _sidata = LOADADDR (.data)

.data           0x20000000      0x1fc load address 0x080075e4
                0x20000000                . = ALIGN (0x4)
                0x20000000                _sdata = .
 *(.data)
 .data          0x20000000        0x8 Application/User/freertos.o
                0x20000000                aTxBufferY
                0x20000004                aTxBufferX
 .data          0x20000008       0x1c Application/User/lcd.o
                0x20000008                GPIO_PORT
 .data          0x20000024       0x14 Application/User/stm32f4_discovery.o
                0x20000024                GPIO_PORT_LED
                0x20000034                BUTTON_PORT
 .data          0x20000038       0x10 Application/User/usbd_cdc_if.o
                0x20000038                USBD_Interface_fops_FS
 .data          0x20000048       0x34 Application/User/usbd_desc.o
                0x20000048                FS_Desc
                0x20000064                USBD_FS_DeviceDesc
                0x20000078                USBD_LangIDDesc
 .data          0x2000007c        0x4 Drivers/CMSIS/system_stm32f4xx.o
                0x2000007c                SystemCoreClock
 .data          0x20000080        0x4 Middlewares/FreeRTOS/port.o
 .data          0x20000084        0x4 Middlewares/FreeRTOS/tasks.o
 .data          0x20000088      0x110 Middlewares/USB_Device_Library/usbd_cdc.o
                0x20000094                USBD_CDC
                0x200000cc                USBD_CDC_CfgHSDesc
                0x20000110                USBD_CDC_CfgFSDesc
                0x20000154                USBD_CDC_OtherSpeedCfgDesc
 *(.data*)
 .data.impure_data
                0x20000198       0x60 c:/eclipse/eclipse_mars_sr1/plugins/fr.ac6.mcu.externaltools.arm-none.win32_1.3.0.201507241045/tools/compiler/bin/../lib/gcc/arm-none-eabi/4.9.3/../../../../arm-none-eabi/lib/armv7e-m/fpu\libc_nano.a(lib_a-impure.o)
 .data._impure_ptr
                0x200001f8        0x4 c:/eclipse/eclipse_mars_sr1/plugins/fr.ac6.mcu.externaltools.arm-none.win32_1.3.0.201507241045/tools/compiler/bin/../lib/gcc/arm-none-eabi/4.9.3/../../../../arm-none-eabi/lib/armv7e-m/fpu\libc_nano.a(lib_a-impure.o)
                0x200001f8                _impure_ptr
                0x200001fc                . = ALIGN (0x4)
                0x200001fc                _edata = .
                0x080077e0                _siccmram = LOADADDR (.ccmram)

.jcr            0x200001fc        0x0 load address 0x080077e0
 .jcr           0x200001fc        0x0 c:/eclipse/eclipse_mars_sr1/plugins/fr.ac6.mcu.externaltools.arm-none.win32_1.3.0.201507241045/tools/compiler/bin/../lib/gcc/arm-none-eabi/4.9.3/armv7e-m/fpu/crtbegin.o

.igot.plt       0x200001fc        0x0 load address 0x080077e0
 .igot.plt      0x00000000        0x0 c:/eclipse/eclipse_mars_sr1/plugins/fr.ac6.mcu.externaltools.arm-none.win32_1.3.0.201507241045/tools/compiler/bin/../lib/gcc/arm-none-eabi/4.9.3/armv7e-m/fpu/crtbegin.o

.ccmram         0x10000000        0x0 load address 0x080077e0
                0x10000000                . = ALIGN (0x4)
                0x10000000                _sccmram = .
 *(.ccmram)
 *(.ccmram*)
                0x10000000                . = ALIGN (0x4)
                0x10000000                _eccmram = .
                0x10000000                . = ALIGN (0x4)

.bss            0x200001fc     0x45cc
                0x200001fc                _sbss = .
                0x200001fc                __bss_start__ = _sbss
 *(.bss)
 .bss           0x200001fc       0x1c c:/eclipse/eclipse_mars_sr1/plugins/fr.ac6.mcu.externaltools.arm-none.win32_1.3.0.201507241045/tools/compiler/bin/../lib/gcc/arm-none-eabi/4.9.3/armv7e-m/fpu/crtbegin.o
 .bss           0x20000218       0x10 Application/User/freertos.o
                0x20000218                aRxBufferY
                0x2000021c                aRxBufferX
                0x20000220                X_pos_
                0x20000222                Y_pos_
                0x20000224                x1
                0x20000226                x2
 .bss           0x20000228        0x4 Drivers/STM32F4xx_HAL_Driver/stm32f4xx_hal.o
 .bss           0x2000022c     0x3c18 Middlewares/FreeRTOS/heap_4.o
 .bss           0x20003e44        0x8 Middlewares/FreeRTOS/port.o
 .bss           0x20003e4c      0x124 Middlewares/FreeRTOS/tasks.o
                0x20003e4c                pxCurrentTCB
 .bss           0x20003f70        0x1 Middlewares/USB_Device_Library/usbd_cdc.o
 .bss           0x20003f71        0x1 Middlewares/USB_Device_Library/usbd_ctlreq.o
 *(.bss*)
 *fill*         0x20003f72        0x2 
 .bss.__malloc_sbrk_start
                0x20003f74        0x4 c:/eclipse/eclipse_mars_sr1/plugins/fr.ac6.mcu.externaltools.arm-none.win32_1.3.0.201507241045/tools/compiler/bin/../lib/gcc/arm-none-eabi/4.9.3/../../../../arm-none-eabi/lib/armv7e-m/fpu\libc_nano.a(lib_a-nano-mallocr.o)
                0x20003f74                __malloc_sbrk_start
 .bss.__malloc_free_list
                0x20003f78        0x4 c:/eclipse/eclipse_mars_sr1/plugins/fr.ac6.mcu.externaltools.arm-none.win32_1.3.0.201507241045/tools/compiler/bin/../lib/gcc/arm-none-eabi/4.9.3/../../../../arm-none-eabi/lib/armv7e-m/fpu\libc_nano.a(lib_a-nano-mallocr.o)
                0x20003f78                __malloc_free_list
 .bss.heap_end.4079
                0x20003f7c        0x4 c:/eclipse/eclipse_mars_sr1/plugins/fr.ac6.mcu.externaltools.arm-none.win32_1.3.0.201507241045/tools/compiler/bin/../lib/gcc/arm-none-eabi/4.9.3/../../../../arm-none-eabi/lib/armv7e-m/fpu\libnosys.a(sbrk.o)
 *(COMMON)
 COMMON         0x20003f80        0x4 Application/User/freertos.o
                0x20003f80                defaultTaskHandle
 COMMON         0x20003f84       0x58 Application/User/spi.o
                0x20003f84                hspi3
 COMMON         0x20003fdc      0x224 Application/User/usb_device.o
                0x20003fdc                hUsbDeviceFS
 COMMON         0x20004200        0xc Application/User/usbd_cdc_if.o
                0x20004200                hUsbDevice_0
                0x20004204                UserRxBufferFS
                0x20004208                UserTxBufferFS
 COMMON         0x2000420c      0x3b8 Application/User/usbd_conf.o
                0x2000420c                hpcd_USB_OTG_FS
 COMMON         0x200045c4      0x200 Application/User/usbd_desc.o
                0x200045c4                USBD_StrDesc
 COMMON         0x200047c4        0x4 c:/eclipse/eclipse_mars_sr1/plugins/fr.ac6.mcu.externaltools.arm-none.win32_1.3.0.201507241045/tools/compiler/bin/../lib/gcc/arm-none-eabi/4.9.3/../../../../arm-none-eabi/lib/armv7e-m/fpu\libc_nano.a(lib_a-reent.o)
                0x200047c4                errno
                0x200047c8                . = ALIGN (0x4)
                0x200047c8                _ebss = .
                0x200047c8                __bss_end__ = _ebss

._user_heap_stack
                0x200047c8      0x600
                0x200047c8                . = ALIGN (0x8)
                0x200047c8                PROVIDE (end, .)
                0x200047c8                PROVIDE (_end, .)
                0x200049c8                . = (. + _Min_Heap_Size)
 *fill*         0x200047c8      0x200 
                0x20004dc8                . = (. + _Min_Stack_Size)
 *fill*         0x200049c8      0x400 
                0x20004dc8                . = ALIGN (0x8)

/DISCARD/
 libc.a(*)
 libm.a(*)
 libgcc.a(*)

.ARM.attributes
                0x00000000       0x30
 *(.ARM.attributes)
 .ARM.attributes
                0x00000000       0x22 c:/eclipse/eclipse_mars_sr1/plugins/fr.ac6.mcu.externaltools.arm-none.win32_1.3.0.201507241045/tools/compiler/bin/../lib/gcc/arm-none-eabi/4.9.3/armv7e-m/fpu/crti.o
 .ARM.attributes
                0x00000022       0x34 c:/eclipse/eclipse_mars_sr1/plugins/fr.ac6.mcu.externaltools.arm-none.win32_1.3.0.201507241045/tools/compiler/bin/../lib/gcc/arm-none-eabi/4.9.3/armv7e-m/fpu/crtbegin.o
 .ARM.attributes
                0x00000056       0x21 Application/SW4STM32/startup_stm32f407xx.o
 .ARM.attributes
                0x00000077       0x39 Application/User/freertos.o
 .ARM.attributes
                0x000000b0       0x39 Application/User/gpio.o
 .ARM.attributes
                0x000000e9       0x39 Application/User/lcd.o
 .ARM.attributes
                0x00000122       0x39 Application/User/main.o
 .ARM.attributes
                0x0000015b       0x39 Application/User/spi.o
 .ARM.attributes
                0x00000194       0x39 Application/User/stm32f4_discovery.o
 .ARM.attributes
                0x000001cd       0x39 Application/User/stm32f4xx_hal_msp.o
 .ARM.attributes
                0x00000206       0x39 Application/User/stm32f4xx_it.o
 .ARM.attributes
                0x0000023f       0x39 Application/User/usb_device.o
 .ARM.attributes
                0x00000278       0x39 Application/User/usbd_cdc_if.o
 .ARM.attributes
                0x000002b1       0x39 Application/User/usbd_conf.o
 .ARM.attributes
                0x000002ea       0x39 Application/User/usbd_desc.o
 .ARM.attributes
                0x00000323       0x39 Drivers/CMSIS/system_stm32f4xx.o
 .ARM.attributes
                0x0000035c       0x39 Drivers/STM32F4xx_HAL_Driver/stm32f4xx_hal.o
 .ARM.attributes
                0x00000395       0x39 Drivers/STM32F4xx_HAL_Driver/stm32f4xx_hal_cortex.o
 .ARM.attributes
                0x000003ce       0x39 Drivers/STM32F4xx_HAL_Driver/stm32f4xx_hal_gpio.o
 .ARM.attributes
                0x00000407       0x39 Drivers/STM32F4xx_HAL_Driver/stm32f4xx_hal_pcd.o
 .ARM.attributes
                0x00000440       0x39 Drivers/STM32F4xx_HAL_Driver/stm32f4xx_hal_pcd_ex.o
 .ARM.attributes
                0x00000479       0x39 Drivers/STM32F4xx_HAL_Driver/stm32f4xx_hal_rcc.o
 .ARM.attributes
                0x000004b2       0x39 Drivers/STM32F4xx_HAL_Driver/stm32f4xx_hal_spi.o
 .ARM.attributes
                0x000004eb       0x39 Drivers/STM32F4xx_HAL_Driver/stm32f4xx_ll_usb.o
 .ARM.attributes
                0x00000524       0x39 Middlewares/FreeRTOS/cmsis_os.o
 .ARM.attributes
                0x0000055d       0x39 Middlewares/FreeRTOS/heap_4.o
 .ARM.attributes
                0x00000596       0x39 Middlewares/FreeRTOS/list.o
 .ARM.attributes
                0x000005cf       0x39 Middlewares/FreeRTOS/port.o
 .ARM.attributes
                0x00000608       0x39 Middlewares/FreeRTOS/tasks.o
 .ARM.attributes
                0x00000641       0x39 Middlewares/USB_Device_Library/usbd_cdc.o
 .ARM.attributes
                0x0000067a       0x39 Middlewares/USB_Device_Library/usbd_core.o
 .ARM.attributes
                0x000006b3       0x39 Middlewares/USB_Device_Library/usbd_ctlreq.o
 .ARM.attributes
                0x000006ec       0x39 Middlewares/USB_Device_Library/usbd_ioreq.o
 .ARM.attributes
                0x00000725       0x34 c:/eclipse/eclipse_mars_sr1/plugins/fr.ac6.mcu.externaltools.arm-none.win32_1.3.0.201507241045/tools/compiler/bin/../lib/gcc/arm-none-eabi/4.9.3/../../../../arm-none-eabi/lib/armv7e-m/fpu\libc_nano.a(lib_a-impure.o)
 .ARM.attributes
                0x00000759       0x34 c:/eclipse/eclipse_mars_sr1/plugins/fr.ac6.mcu.externaltools.arm-none.win32_1.3.0.201507241045/tools/compiler/bin/../lib/gcc/arm-none-eabi/4.9.3/../../../../arm-none-eabi/lib/armv7e-m/fpu\libc_nano.a(lib_a-init.o)
 .ARM.attributes
                0x0000078d       0x34 c:/eclipse/eclipse_mars_sr1/plugins/fr.ac6.mcu.externaltools.arm-none.win32_1.3.0.201507241045/tools/compiler/bin/../lib/gcc/arm-none-eabi/4.9.3/../../../../arm-none-eabi/lib/armv7e-m/fpu\libc_nano.a(lib_a-itoa.o)
 .ARM.attributes
                0x000007c1       0x34 c:/eclipse/eclipse_mars_sr1/plugins/fr.ac6.mcu.externaltools.arm-none.win32_1.3.0.201507241045/tools/compiler/bin/../lib/gcc/arm-none-eabi/4.9.3/../../../../arm-none-eabi/lib/armv7e-m/fpu\libc_nano.a(lib_a-malloc.o)
 .ARM.attributes
                0x000007f5       0x34 c:/eclipse/eclipse_mars_sr1/plugins/fr.ac6.mcu.externaltools.arm-none.win32_1.3.0.201507241045/tools/compiler/bin/../lib/gcc/arm-none-eabi/4.9.3/../../../../arm-none-eabi/lib/armv7e-m/fpu\libc_nano.a(lib_a-memset.o)
 .ARM.attributes
                0x00000829       0x34 c:/eclipse/eclipse_mars_sr1/plugins/fr.ac6.mcu.externaltools.arm-none.win32_1.3.0.201507241045/tools/compiler/bin/../lib/gcc/arm-none-eabi/4.9.3/../../../../arm-none-eabi/lib/armv7e-m/fpu\libc_nano.a(lib_a-nano-freer.o)
 .ARM.attributes
                0x0000085d       0x34 c:/eclipse/eclipse_mars_sr1/plugins/fr.ac6.mcu.externaltools.arm-none.win32_1.3.0.201507241045/tools/compiler/bin/../lib/gcc/arm-none-eabi/4.9.3/../../../../arm-none-eabi/lib/armv7e-m/fpu\libc_nano.a(lib_a-nano-mallocr.o)
 .ARM.attributes
                0x00000891       0x34 c:/eclipse/eclipse_mars_sr1/plugins/fr.ac6.mcu.externaltools.arm-none.win32_1.3.0.201507241045/tools/compiler/bin/../lib/gcc/arm-none-eabi/4.9.3/../../../../arm-none-eabi/lib/armv7e-m/fpu\libc_nano.a(lib_a-sbrkr.o)
 .ARM.attributes
                0x000008c5       0x34 c:/eclipse/eclipse_mars_sr1/plugins/fr.ac6.mcu.externaltools.arm-none.win32_1.3.0.201507241045/tools/compiler/bin/../lib/gcc/arm-none-eabi/4.9.3/../../../../arm-none-eabi/lib/armv7e-m/fpu\libc_nano.a(lib_a-utoa.o)
 .ARM.attributes
                0x000008f9       0x34 c:/eclipse/eclipse_mars_sr1/plugins/fr.ac6.mcu.externaltools.arm-none.win32_1.3.0.201507241045/tools/compiler/bin/../lib/gcc/arm-none-eabi/4.9.3/../../../../arm-none-eabi/lib/armv7e-m/fpu\libc_nano.a(lib_a-reent.o)
 .ARM.attributes
                0x0000092d       0x34 c:/eclipse/eclipse_mars_sr1/plugins/fr.ac6.mcu.externaltools.arm-none.win32_1.3.0.201507241045/tools/compiler/bin/../lib/gcc/arm-none-eabi/4.9.3/../../../../arm-none-eabi/lib/armv7e-m/fpu\libnosys.a(sbrk.o)
 .ARM.attributes
                0x00000961       0x22 c:/eclipse/eclipse_mars_sr1/plugins/fr.ac6.mcu.externaltools.arm-none.win32_1.3.0.201507241045/tools/compiler/bin/../lib/gcc/arm-none-eabi/4.9.3/armv7e-m/fpu/crtn.o
OUTPUT(Padr_Vcp_SPI Configuration.elf elf32-littlearm)

.debug_line     0x00000000    0x1109d
 .debug_line    0x00000000       0xbc Application/SW4STM32/startup_stm32f407xx.o
 .debug_line    0x000000bc      0xa70 Application/User/freertos.o
 .debug_line    0x00000b2c      0x6fe Application/User/gpio.o
 .debug_line    0x0000122a      0x775 Application/User/lcd.o
 .debug_line    0x0000199f      0x959 Application/User/main.o
 .debug_line    0x000022f8      0x70b Application/User/spi.o
 .debug_line    0x00002a03      0x8cf Application/User/stm32f4_discovery.o
 .debug_line    0x000032d2      0x6ce Application/User/stm32f4xx_hal_msp.o
 .debug_line    0x000039a0      0x893 Application/User/stm32f4xx_it.o
 .debug_line    0x00004233      0x819 Application/User/usb_device.o
 .debug_line    0x00004a4c      0x84d Application/User/usbd_cdc_if.o
 .debug_line    0x00005299      0x9b7 Application/User/usbd_conf.o
 .debug_line    0x00005c50      0x81b Application/User/usbd_desc.o
 .debug_line    0x0000646b      0x729 Drivers/CMSIS/system_stm32f4xx.o
 .debug_line    0x00006b94      0x885 Drivers/STM32F4xx_HAL_Driver/stm32f4xx_hal.o
 .debug_line    0x00007419      0x9b7 Drivers/STM32F4xx_HAL_Driver/stm32f4xx_hal_cortex.o
 .debug_line    0x00007dd0      0x8d2 Drivers/STM32F4xx_HAL_Driver/stm32f4xx_hal_gpio.o
 .debug_line    0x000086a2      0xbe3 Drivers/STM32F4xx_HAL_Driver/stm32f4xx_hal_pcd.o
 .debug_line    0x00009285      0x71c Drivers/STM32F4xx_HAL_Driver/stm32f4xx_hal_pcd_ex.o
 .debug_line    0x000099a1      0xa13 Drivers/STM32F4xx_HAL_Driver/stm32f4xx_hal_rcc.o
 .debug_line    0x0000a3b4      0xee3 Drivers/STM32F4xx_HAL_Driver/stm32f4xx_hal_spi.o
 .debug_line    0x0000b297      0xd16 Drivers/STM32F4xx_HAL_Driver/stm32f4xx_ll_usb.o
 .debug_line    0x0000bfad      0xaf4 Middlewares/FreeRTOS/cmsis_os.o
 .debug_line    0x0000caa1      0x613 Middlewares/FreeRTOS/heap_4.o
 .debug_line    0x0000d0b4      0x529 Middlewares/FreeRTOS/list.o
 .debug_line    0x0000d5dd      0x5de Middlewares/FreeRTOS/port.o
 .debug_line    0x0000dbbb      0xf8c Middlewares/FreeRTOS/tasks.o
 .debug_line    0x0000eb47      0x995 Middlewares/USB_Device_Library/usbd_cdc.o
 .debug_line    0x0000f4dc      0x99e Middlewares/USB_Device_Library/usbd_core.o
 .debug_line    0x0000fe7a      0x9ea Middlewares/USB_Device_Library/usbd_ctlreq.o
 .debug_line    0x00010864      0x839 Middlewares/USB_Device_Library/usbd_ioreq.o

.debug_info     0x00000000    0x116a5
 .debug_info    0x00000000       0xbd Application/SW4STM32/startup_stm32f407xx.o
 .debug_info    0x000000bd      0x947 Application/User/freertos.o
 .debug_info    0x00000a04      0x429 Application/User/gpio.o
 .debug_info    0x00000e2d      0x3e8 Application/User/lcd.o
 .debug_info    0x00001215      0x672 Application/User/main.o
 .debug_info    0x00001887      0x8b0 Application/User/spi.o
 .debug_info    0x00002137      0xb60 Application/User/stm32f4_discovery.o
 .debug_info    0x00002c97      0x2fc Application/User/stm32f4xx_hal_msp.o
 .debug_info    0x00002f93      0x4c5 Application/User/stm32f4xx_it.o
 .debug_info    0x00003458      0x589 Application/User/usb_device.o
 .debug_info    0x000039e1      0x6b2 Application/User/usbd_cdc_if.o
 .debug_info    0x00004093     0x147e Application/User/usbd_conf.o
 .debug_info    0x00005511      0x380 Application/User/usbd_desc.o
 .debug_info    0x00005891      0x4a4 Drivers/CMSIS/system_stm32f4xx.o
 .debug_info    0x00005d35      0x847 Drivers/STM32F4xx_HAL_Driver/stm32f4xx_hal.o
 .debug_info    0x0000657c      0xd08 Drivers/STM32F4xx_HAL_Driver/stm32f4xx_hal_cortex.o
 .debug_info    0x00007284      0x6fc Drivers/STM32F4xx_HAL_Driver/stm32f4xx_hal_gpio.o
 .debug_info    0x00007980      0xe9e Drivers/STM32F4xx_HAL_Driver/stm32f4xx_hal_pcd.o
 .debug_info    0x0000881e      0x55e Drivers/STM32F4xx_HAL_Driver/stm32f4xx_hal_pcd_ex.o
 .debug_info    0x00008d7c      0xb15 Drivers/STM32F4xx_HAL_Driver/stm32f4xx_hal_rcc.o
 .debug_info    0x00009891      0xf84 Drivers/STM32F4xx_HAL_Driver/stm32f4xx_hal_spi.o
 .debug_info    0x0000a815     0x13e8 Drivers/STM32F4xx_HAL_Driver/stm32f4xx_ll_usb.o
 .debug_info    0x0000bbfd     0x120e Middlewares/FreeRTOS/cmsis_os.o
 .debug_info    0x0000ce0b      0x3cb Middlewares/FreeRTOS/heap_4.o
 .debug_info    0x0000d1d6      0x29d Middlewares/FreeRTOS/list.o
 .debug_info    0x0000d473      0x52f Middlewares/FreeRTOS/port.o
 .debug_info    0x0000d9a2     0x1af9 Middlewares/FreeRTOS/tasks.o
 .debug_info    0x0000f49b      0xa4b Middlewares/USB_Device_Library/usbd_cdc.o
 .debug_info    0x0000fee6      0x8ff Middlewares/USB_Device_Library/usbd_core.o
 .debug_info    0x000107e5      0x860 Middlewares/USB_Device_Library/usbd_ctlreq.o
 .debug_info    0x00011045      0x660 Middlewares/USB_Device_Library/usbd_ioreq.o

.debug_abbrev   0x00000000     0x3357
 .debug_abbrev  0x00000000       0x12 Application/SW4STM32/startup_stm32f407xx.o
 .debug_abbrev  0x00000012      0x1b3 Application/User/freertos.o
 .debug_abbrev  0x000001c5      0x104 Application/User/gpio.o
 .debug_abbrev  0x000002c9      0x160 Application/User/lcd.o
 .debug_abbrev  0x00000429      0x134 Application/User/main.o
 .debug_abbrev  0x0000055d      0x176 Application/User/spi.o
 .debug_abbrev  0x000006d3      0x25d Application/User/stm32f4_discovery.o
 .debug_abbrev  0x00000930       0x80 Application/User/stm32f4xx_hal_msp.o
 .debug_abbrev  0x000009b0      0x141 Application/User/stm32f4xx_it.o
 .debug_abbrev  0x00000af1      0x137 Application/User/usb_device.o
 .debug_abbrev  0x00000c28      0x1c1 Application/User/usbd_cdc_if.o
 .debug_abbrev  0x00000de9      0x21e Application/User/usbd_conf.o
 .debug_abbrev  0x00001007      0x13d Application/User/usbd_desc.o
 .debug_abbrev  0x00001144      0x104 Drivers/CMSIS/system_stm32f4xx.o
 .debug_abbrev  0x00001248      0x1f1 Drivers/STM32F4xx_HAL_Driver/stm32f4xx_hal.o
 .debug_abbrev  0x00001439      0x2c1 Drivers/STM32F4xx_HAL_Driver/stm32f4xx_hal_cortex.o
 .debug_abbrev  0x000016fa      0x1ad Drivers/STM32F4xx_HAL_Driver/stm32f4xx_hal_gpio.o
 .debug_abbrev  0x000018a7      0x23b Drivers/STM32F4xx_HAL_Driver/stm32f4xx_hal_pcd.o
 .debug_abbrev  0x00001ae2      0x161 Drivers/STM32F4xx_HAL_Driver/stm32f4xx_hal_pcd_ex.o
 .debug_abbrev  0x00001c43      0x297 Drivers/STM32F4xx_HAL_Driver/stm32f4xx_hal_rcc.o
 .debug_abbrev  0x00001eda      0x20d Drivers/STM32F4xx_HAL_Driver/stm32f4xx_hal_spi.o
 .debug_abbrev  0x000020e7      0x216 Drivers/STM32F4xx_HAL_Driver/stm32f4xx_ll_usb.o
 .debug_abbrev  0x000022fd      0x2d6 Middlewares/FreeRTOS/cmsis_os.o
 .debug_abbrev  0x000025d3      0x1ba Middlewares/FreeRTOS/heap_4.o
 .debug_abbrev  0x0000278d       0xbf Middlewares/FreeRTOS/list.o
 .debug_abbrev  0x0000284c      0x1cf Middlewares/FreeRTOS/port.o
 .debug_abbrev  0x00002a1b      0x27f Middlewares/FreeRTOS/tasks.o
 .debug_abbrev  0x00002c9a      0x1e3 Middlewares/USB_Device_Library/usbd_cdc.o
 .debug_abbrev  0x00002e7d      0x1be Middlewares/USB_Device_Library/usbd_core.o
 .debug_abbrev  0x0000303b      0x1ee Middlewares/USB_Device_Library/usbd_ctlreq.o
 .debug_abbrev  0x00003229      0x12e Middlewares/USB_Device_Library/usbd_ioreq.o

.debug_aranges  0x00000000     0x1178
 .debug_aranges
                0x00000000       0x28 Application/SW4STM32/startup_stm32f407xx.o
 .debug_aranges
                0x00000028       0x28 Application/User/freertos.o
 .debug_aranges
                0x00000050       0x20 Application/User/gpio.o
 .debug_aranges
                0x00000070       0x70 Application/User/lcd.o
 .debug_aranges
                0x000000e0       0x28 Application/User/main.o
 .debug_aranges
                0x00000108       0x30 Application/User/spi.o
 .debug_aranges
                0x00000138       0xd8 Application/User/stm32f4_discovery.o
 .debug_aranges
                0x00000210       0x20 Application/User/stm32f4xx_hal_msp.o
 .debug_aranges
                0x00000230       0x28 Application/User/stm32f4xx_it.o
 .debug_aranges
                0x00000258       0x20 Application/User/usb_device.o
 .debug_aranges
                0x00000278       0x40 Application/User/usbd_cdc_if.o
 .debug_aranges
                0x000002b8       0xf8 Application/User/usbd_conf.o
 .debug_aranges
                0x000003b0       0x50 Application/User/usbd_desc.o
 .debug_aranges
                0x00000400       0x28 Drivers/CMSIS/system_stm32f4xx.o
 .debug_aranges
                0x00000428       0xc0 Drivers/STM32F4xx_HAL_Driver/stm32f4xx_hal.o
 .debug_aranges
                0x000004e8      0x108 Drivers/STM32F4xx_HAL_Driver/stm32f4xx_hal_cortex.o
 .debug_aranges
                0x000005f0       0x58 Drivers/STM32F4xx_HAL_Driver/stm32f4xx_hal_gpio.o
 .debug_aranges
                0x00000648      0x120 Drivers/STM32F4xx_HAL_Driver/stm32f4xx_hal_pcd.o
 .debug_aranges
                0x00000768       0x28 Drivers/STM32F4xx_HAL_Driver/stm32f4xx_hal_pcd_ex.o
 .debug_aranges
                0x00000790       0x88 Drivers/STM32F4xx_HAL_Driver/stm32f4xx_hal_rcc.o
 .debug_aranges
                0x00000818      0x158 Drivers/STM32F4xx_HAL_Driver/stm32f4xx_hal_spi.o
 .debug_aranges
                0x00000970      0x180 Drivers/STM32F4xx_HAL_Driver/stm32f4xx_ll_usb.o
 .debug_aranges
                0x00000af0      0x1b0 Middlewares/FreeRTOS/cmsis_os.o
 .debug_aranges
                0x00000ca0       0x50 Middlewares/FreeRTOS/heap_4.o
 .debug_aranges
                0x00000cf0       0x40 Middlewares/FreeRTOS/list.o
 .debug_aranges
                0x00000d30       0x80 Middlewares/FreeRTOS/port.o
 .debug_aranges
                0x00000db0      0x1a8 Middlewares/FreeRTOS/tasks.o
 .debug_aranges
                0x00000f58       0x90 Middlewares/USB_Device_Library/usbd_cdc.o
 .debug_aranges
                0x00000fe8       0xb8 Middlewares/USB_Device_Library/usbd_core.o
 .debug_aranges
                0x000010a0       0x88 Middlewares/USB_Device_Library/usbd_ctlreq.o
 .debug_aranges
                0x00001128       0x50 Middlewares/USB_Device_Library/usbd_ioreq.o

.debug_ranges   0x00000000      0xf90
 .debug_ranges  0x00000000       0x20 Application/SW4STM32/startup_stm32f407xx.o
 .debug_ranges  0x00000020       0x18 Application/User/freertos.o
 .debug_ranges  0x00000038       0x10 Application/User/gpio.o
 .debug_ranges  0x00000048       0x60 Application/User/lcd.o
 .debug_ranges  0x000000a8       0x18 Application/User/main.o
 .debug_ranges  0x000000c0       0x20 Application/User/spi.o
 .debug_ranges  0x000000e0       0xc8 Application/User/stm32f4_discovery.o
 .debug_ranges  0x000001a8       0x10 Application/User/stm32f4xx_hal_msp.o
 .debug_ranges  0x000001b8       0x18 Application/User/stm32f4xx_it.o
 .debug_ranges  0x000001d0       0x10 Application/User/usb_device.o
 .debug_ranges  0x000001e0       0x30 Application/User/usbd_cdc_if.o
 .debug_ranges  0x00000210       0xe8 Application/User/usbd_conf.o
 .debug_ranges  0x000002f8       0x40 Application/User/usbd_desc.o
 .debug_ranges  0x00000338       0x18 Drivers/CMSIS/system_stm32f4xx.o
 .debug_ranges  0x00000350       0xb0 Drivers/STM32F4xx_HAL_Driver/stm32f4xx_hal.o
 .debug_ranges  0x00000400       0xf8 Drivers/STM32F4xx_HAL_Driver/stm32f4xx_hal_cortex.o
 .debug_ranges  0x000004f8       0x48 Drivers/STM32F4xx_HAL_Driver/stm32f4xx_hal_gpio.o
 .debug_ranges  0x00000540      0x110 Drivers/STM32F4xx_HAL_Driver/stm32f4xx_hal_pcd.o
 .debug_ranges  0x00000650       0x18 Drivers/STM32F4xx_HAL_Driver/stm32f4xx_hal_pcd_ex.o
 .debug_ranges  0x00000668       0x78 Drivers/STM32F4xx_HAL_Driver/stm32f4xx_hal_rcc.o
 .debug_ranges  0x000006e0      0x148 Drivers/STM32F4xx_HAL_Driver/stm32f4xx_hal_spi.o
 .debug_ranges  0x00000828      0x170 Drivers/STM32F4xx_HAL_Driver/stm32f4xx_ll_usb.o
 .debug_ranges  0x00000998      0x1a0 Middlewares/FreeRTOS/cmsis_os.o
 .debug_ranges  0x00000b38       0x40 Middlewares/FreeRTOS/heap_4.o
 .debug_ranges  0x00000b78       0x30 Middlewares/FreeRTOS/list.o
 .debug_ranges  0x00000ba8       0x70 Middlewares/FreeRTOS/port.o
 .debug_ranges  0x00000c18      0x198 Middlewares/FreeRTOS/tasks.o
 .debug_ranges  0x00000db0       0x80 Middlewares/USB_Device_Library/usbd_cdc.o
 .debug_ranges  0x00000e30       0xa8 Middlewares/USB_Device_Library/usbd_core.o
 .debug_ranges  0x00000ed8       0x78 Middlewares/USB_Device_Library/usbd_ctlreq.o
 .debug_ranges  0x00000f50       0x40 Middlewares/USB_Device_Library/usbd_ioreq.o

.debug_macro    0x00000000    0x17abc
 .debug_macro   0x00000000      0x419 Application/User/freertos.o
 .debug_macro   0x00000419      0x880 Application/User/freertos.o
 .debug_macro   0x00000c99       0x58 Application/User/freertos.o
 .debug_macro   0x00000cf1       0x22 Application/User/freertos.o
 .debug_macro   0x00000d13       0x35 Application/User/freertos.o
 .debug_macro   0x00000d48       0x9c Application/User/freertos.o
 .debug_macro   0x00000de4       0x16 Application/User/freertos.o
 .debug_macro   0x00000dfa      0x10e Application/User/freertos.o
 .debug_macro   0x00000f08       0x7f Application/User/freertos.o
 .debug_macro   0x00000f87       0x4a Application/User/freertos.o
 .debug_macro   0x00000fd1       0x52 Application/User/freertos.o
 .debug_macro   0x00001023       0x16 Application/User/freertos.o
 .debug_macro   0x00001039       0x43 Application/User/freertos.o
 .debug_macro   0x0000107c      0x180 Application/User/freertos.o
 .debug_macro   0x000011fc      0x29d Application/User/freertos.o
 .debug_macro   0x00001499       0x16 Application/User/freertos.o
 .debug_macro   0x000014af       0x29 Application/User/freertos.o
 .debug_macro   0x000014d8       0x1c Application/User/freertos.o
 .debug_macro   0x000014f4      0x1f7 Application/User/freertos.o
 .debug_macro   0x000016eb       0xdc Application/User/freertos.o
 .debug_macro   0x000017c7       0xd2 Application/User/freertos.o
 .debug_macro   0x00001899       0x5e Application/User/freertos.o
 .debug_macro   0x000018f7       0xe4 Application/User/freertos.o
 .debug_macro   0x000019db       0x10 Application/User/freertos.o
 .debug_macro   0x000019eb       0x1f Application/User/freertos.o
 .debug_macro   0x00001a0a      0x3ae Application/User/freertos.o
 .debug_macro   0x00001db8       0xc0 Application/User/freertos.o
 .debug_macro   0x00001e78       0x8c Application/User/freertos.o
 .debug_macro   0x00001f04       0x16 Application/User/freertos.o
 .debug_macro   0x00001f1a       0x91 Application/User/freertos.o
 .debug_macro   0x00001fab       0xb0 Application/User/freertos.o
 .debug_macro   0x0000205b       0x7f Application/User/freertos.o
 .debug_macro   0x000020da       0xcf Application/User/freertos.o
 .debug_macro   0x000021a9       0x1c Application/User/freertos.o
 .debug_macro   0x000021c5       0x35 Application/User/freertos.o
 .debug_macro   0x000021fa       0x10 Application/User/freertos.o
 .debug_macro   0x0000220a       0x10 Application/User/freertos.o
 .debug_macro   0x0000221a       0x22 Application/User/freertos.o
 .debug_macro   0x0000223c       0xbd Application/User/freertos.o
 .debug_macro   0x000022f9       0x16 Application/User/freertos.o
 .debug_macro   0x0000230f      0x196 Application/User/freertos.o
 .debug_macro   0x000024a5       0x16 Application/User/freertos.o
 .debug_macro   0x000024bb       0x2e Application/User/freertos.o
 .debug_macro   0x000024e9       0x28 Application/User/freertos.o
 .debug_macro   0x00002511       0x3b Application/User/freertos.o
 .debug_macro   0x0000254c       0x34 Application/User/freertos.o
 .debug_macro   0x00002580       0x26 Application/User/freertos.o
 .debug_macro   0x000025a6      0xe43 Application/User/freertos.o
 .debug_macro   0x000033e9     0x9335 Application/User/freertos.o
 .debug_macro   0x0000c71e       0x43 Application/User/freertos.o
 .debug_macro   0x0000c761      0x1a2 Application/User/freertos.o
 .debug_macro   0x0000c903     0x3222 Application/User/freertos.o
 .debug_macro   0x0000fb25       0x50 Application/User/freertos.o
 .debug_macro   0x0000fb75      0x71f Application/User/freertos.o
 .debug_macro   0x00010294      0x8b5 Application/User/freertos.o
 .debug_macro   0x00010b49      0x11e Application/User/freertos.o
 .debug_macro   0x00010c67      0x13e Application/User/freertos.o
 .debug_macro   0x00010da5       0x27 Application/User/freertos.o
 .debug_macro   0x00010dcc      0x272 Application/User/freertos.o
 .debug_macro   0x0001103e       0x5f Application/User/freertos.o
 .debug_macro   0x0001109d      0x241 Application/User/freertos.o
 .debug_macro   0x000112de      0x13a Application/User/freertos.o
 .debug_macro   0x00011418      0x21e Application/User/freertos.o
 .debug_macro   0x00011636       0x2e Application/User/freertos.o
 .debug_macro   0x00011664      0x11e Application/User/freertos.o
 .debug_macro   0x00011782       0x7f Application/User/freertos.o
 .debug_macro   0x00011801       0x89 Application/User/freertos.o
 .debug_macro   0x0001188a      0x202 Application/User/freertos.o
 .debug_macro   0x00011a8c      0x1df Application/User/freertos.o
 .debug_macro   0x00011c6b      0x11c Application/User/freertos.o
 .debug_macro   0x00011d87      0x125 Application/User/freertos.o
 .debug_macro   0x00011eac       0x70 Application/User/freertos.o
 .debug_macro   0x00011f1c      0x1c3 Application/User/freertos.o
 .debug_macro   0x000120df       0x83 Application/User/freertos.o
 .debug_macro   0x00012162       0xb8 Application/User/freertos.o
 .debug_macro   0x0001221a      0x1e8 Application/User/freertos.o
 .debug_macro   0x00012402      0x292 Application/User/gpio.o
 .debug_macro   0x00012694       0x44 Application/User/gpio.o
 .debug_macro   0x000126d8       0x16 Application/User/gpio.o
 .debug_macro   0x000126ee       0x97 Application/User/gpio.o
 .debug_macro   0x00012785       0xef Application/User/gpio.o
 .debug_macro   0x00012874      0x29d Application/User/lcd.o
 .debug_macro   0x00012b11       0xb2 Application/User/lcd.o
 .debug_macro   0x00012bc3      0x3dc Application/User/main.o
 .debug_macro   0x00012f9f       0xd2 Application/User/main.o
 .debug_macro   0x00013071      0x29c Application/User/spi.o
 .debug_macro   0x0001330d      0x2b5 Application/User/stm32f4_discovery.o
 .debug_macro   0x000135c2      0x1e2 Application/User/stm32f4_discovery.o
 .debug_macro   0x000137a4      0x288 Application/User/stm32f4xx_hal_msp.o
 .debug_macro   0x00013a2c      0x35f Application/User/stm32f4xx_it.o
 .debug_macro   0x00013d8b      0x34e Application/User/usb_device.o
 .debug_macro   0x000140d9      0x338 Application/User/usbd_cdc_if.o
 .debug_macro   0x00014411      0x31d Application/User/usbd_conf.o
 .debug_macro   0x0001472e      0x351 Application/User/usbd_desc.o
 .debug_macro   0x00014a7f      0x1c9 Application/User/usbd_desc.o
 .debug_macro   0x00014c48      0x28e Drivers/CMSIS/system_stm32f4xx.o
 .debug_macro   0x00014ed6      0x2d6 Drivers/STM32F4xx_HAL_Driver/stm32f4xx_hal.o
 .debug_macro   0x000151ac      0x288 Drivers/STM32F4xx_HAL_Driver/stm32f4xx_hal_cortex.o
 .debug_macro   0x00015434      0x2c0 Drivers/STM32F4xx_HAL_Driver/stm32f4xx_hal_gpio.o
 .debug_macro   0x000156f4      0x294 Drivers/STM32F4xx_HAL_Driver/stm32f4xx_hal_pcd.o
 .debug_macro   0x00015988      0x288 Drivers/STM32F4xx_HAL_Driver/stm32f4xx_hal_pcd_ex.o
 .debug_macro   0x00015c10      0x2b2 Drivers/STM32F4xx_HAL_Driver/stm32f4xx_hal_rcc.o
 .debug_macro   0x00015ec2      0x28e Drivers/STM32F4xx_HAL_Driver/stm32f4xx_hal_spi.o
 .debug_macro   0x00016150      0x288 Drivers/STM32F4xx_HAL_Driver/stm32f4xx_ll_usb.o
 .debug_macro   0x000163d8      0x1c4 Middlewares/FreeRTOS/cmsis_os.o
 .debug_macro   0x0001659c      0x166 Middlewares/FreeRTOS/cmsis_os.o
 .debug_macro   0x00016702       0x10 Middlewares/FreeRTOS/cmsis_os.o
 .debug_macro   0x00016712      0x193 Middlewares/FreeRTOS/heap_4.o
 .debug_macro   0x000168a5      0x16c Middlewares/FreeRTOS/list.o
 .debug_macro   0x00016a11      0x18d Middlewares/FreeRTOS/port.o
 .debug_macro   0x00016b9e      0x21a Middlewares/FreeRTOS/tasks.o
 .debug_macro   0x00016db8       0x16 Middlewares/FreeRTOS/tasks.o
 .debug_macro   0x00016dce      0x334 Middlewares/USB_Device_Library/usbd_cdc.o
 .debug_macro   0x00017102       0x83 Middlewares/USB_Device_Library/usbd_cdc.o
 .debug_macro   0x00017185      0x30d Middlewares/USB_Device_Library/usbd_core.o
 .debug_macro   0x00017492      0x317 Middlewares/USB_Device_Library/usbd_ctlreq.o
 .debug_macro   0x000177a9      0x313 Middlewares/USB_Device_Library/usbd_ioreq.o

.debug_str      0x00000000    0x7cd44
 .debug_str     0x00000000    0x76de8 Application/User/freertos.o
                              0x771b2 (size before relaxing)
 .debug_str     0x00076de8      0x193 Application/User/gpio.o
                              0x70288 (size before relaxing)
 .debug_str     0x00076f7b       0xf8 Application/User/lcd.o
                              0x70403 (size before relaxing)
 .debug_str     0x00077073      0x62e Application/User/main.o
                              0x760b4 (size before relaxing)
 .debug_str     0x000776a1       0x4f Application/User/spi.o
                              0x7073f (size before relaxing)
 .debug_str     0x000776f0      0x419 Application/User/stm32f4_discovery.o
                              0x717ed (size before relaxing)
 .debug_str     0x00077b09       0x35 Application/User/stm32f4xx_hal_msp.o
                              0x705f9 (size before relaxing)
 .debug_str     0x00077b3e      0x316 Application/User/stm32f4xx_it.o
                              0x75303 (size before relaxing)
 .debug_str     0x00077e54      0x38f Application/User/usb_device.o
                              0x71204 (size before relaxing)
 .debug_str     0x000781e3       0xe4 Application/User/usbd_cdc_if.o
                              0x71287 (size before relaxing)
 .debug_str     0x000782c7      0x2fa Application/User/usbd_conf.o
                              0x71b19 (size before relaxing)
 .debug_str     0x000785c1      0x245 Application/User/usbd_desc.o
                              0x70e68 (size before relaxing)
 .debug_str     0x00078806       0xb8 Drivers/CMSIS/system_stm32f4xx.o
                              0x702f9 (size before relaxing)
 .debug_str     0x000788be      0x47b Drivers/STM32F4xx_HAL_Driver/stm32f4xx_hal.o
                              0x70c6e (size before relaxing)
 .debug_str     0x00078d39      0x37f Drivers/STM32F4xx_HAL_Driver/stm32f4xx_hal_cortex.o
                              0x70b2b (size before relaxing)
 .debug_str     0x000790b8      0x26d Drivers/STM32F4xx_HAL_Driver/stm32f4xx_hal_gpio.o
                              0x70548 (size before relaxing)
 .debug_str     0x00079325      0x38c Drivers/STM32F4xx_HAL_Driver/stm32f4xx_hal_pcd.o
                              0x7096f (size before relaxing)
 .debug_str     0x000796b1       0x58 Drivers/STM32F4xx_HAL_Driver/stm32f4xx_hal_pcd_ex.o
                              0x704bf (size before relaxing)
 .debug_str     0x00079709      0x274 Drivers/STM32F4xx_HAL_Driver/stm32f4xx_hal_rcc.o
                              0x706c6 (size before relaxing)
 .debug_str     0x0007997d      0x3ae Drivers/STM32F4xx_HAL_Driver/stm32f4xx_hal_spi.o
                              0x709aa (size before relaxing)
 .debug_str     0x00079d2b      0x5be Drivers/STM32F4xx_HAL_Driver/stm32f4xx_ll_usb.o
                              0x70ad9 (size before relaxing)
 .debug_str     0x0007a2e9      0x727 Middlewares/FreeRTOS/cmsis_os.o
                               0xafe6 (size before relaxing)
 .debug_str     0x0007aa10      0x2cd Middlewares/FreeRTOS/heap_4.o
                               0x8aec (size before relaxing)
 .debug_str     0x0007acdd      0x14b Middlewares/FreeRTOS/list.o
                               0x83df (size before relaxing)
 .debug_str     0x0007ae28      0x80c Middlewares/FreeRTOS/port.o
                               0x6e63 (size before relaxing)
 .debug_str     0x0007b634     0x10f4 Middlewares/FreeRTOS/tasks.o
                               0xa337 (size before relaxing)
 .debug_str     0x0007c728      0x261 Middlewares/USB_Device_Library/usbd_cdc.o
                              0x71428 (size before relaxing)
 .debug_str     0x0007c989      0x1b0 Middlewares/USB_Device_Library/usbd_core.o
                              0x71090 (size before relaxing)
 .debug_str     0x0007cb39      0x134 Middlewares/USB_Device_Library/usbd_ctlreq.o
                              0x71016 (size before relaxing)
 .debug_str     0x0007cc6d       0xd7 Middlewares/USB_Device_Library/usbd_ioreq.o
                              0x70f9e (size before relaxing)

.comment        0x00000000       0x70
 .comment       0x00000000       0x70 Application/User/freertos.o
                                 0x71 (size before relaxing)
 .comment       0x00000000       0x71 Application/User/gpio.o
 .comment       0x00000000       0x71 Application/User/lcd.o
 .comment       0x00000000       0x71 Application/User/main.o
 .comment       0x00000000       0x71 Application/User/spi.o
 .comment       0x00000000       0x71 Application/User/stm32f4_discovery.o
 .comment       0x00000000       0x71 Application/User/stm32f4xx_hal_msp.o
 .comment       0x00000000       0x71 Application/User/stm32f4xx_it.o
 .comment       0x00000000       0x71 Application/User/usb_device.o
 .comment       0x00000000       0x71 Application/User/usbd_cdc_if.o
 .comment       0x00000000       0x71 Application/User/usbd_conf.o
 .comment       0x00000000       0x71 Application/User/usbd_desc.o
 .comment       0x00000000       0x71 Drivers/CMSIS/system_stm32f4xx.o
 .comment       0x00000000       0x71 Drivers/STM32F4xx_HAL_Driver/stm32f4xx_hal.o
 .comment       0x00000000       0x71 Drivers/STM32F4xx_HAL_Driver/stm32f4xx_hal_cortex.o
 .comment       0x00000000       0x71 Drivers/STM32F4xx_HAL_Driver/stm32f4xx_hal_gpio.o
 .comment       0x00000000       0x71 Drivers/STM32F4xx_HAL_Driver/stm32f4xx_hal_pcd.o
 .comment       0x00000000       0x71 Drivers/STM32F4xx_HAL_Driver/stm32f4xx_hal_pcd_ex.o
 .comment       0x00000000       0x71 Drivers/STM32F4xx_HAL_Driver/stm32f4xx_hal_rcc.o
 .comment       0x00000000       0x71 Drivers/STM32F4xx_HAL_Driver/stm32f4xx_hal_spi.o
 .comment       0x00000000       0x71 Drivers/STM32F4xx_HAL_Driver/stm32f4xx_ll_usb.o
 .comment       0x00000000       0x71 Middlewares/FreeRTOS/cmsis_os.o
 .comment       0x00000000       0x71 Middlewares/FreeRTOS/heap_4.o
 .comment       0x00000000       0x71 Middlewares/FreeRTOS/list.o
 .comment       0x00000000       0x71 Middlewares/FreeRTOS/port.o
 .comment       0x00000000       0x71 Middlewares/FreeRTOS/tasks.o
 .comment       0x00000000       0x71 Middlewares/USB_Device_Library/usbd_cdc.o
 .comment       0x00000000       0x71 Middlewares/USB_Device_Library/usbd_core.o
 .comment       0x00000000       0x71 Middlewares/USB_Device_Library/usbd_ctlreq.o
 .comment       0x00000000       0x71 Middlewares/USB_Device_Library/usbd_ioreq.o

.debug_frame    0x00000000     0x467c
 .debug_frame   0x00000000       0x58 Application/User/freertos.o
 .debug_frame   0x00000058       0x34 Application/User/gpio.o
 .debug_frame   0x0000008c      0x1b8 Application/User/lcd.o
 .debug_frame   0x00000244       0x50 Application/User/main.o
 .debug_frame   0x00000294       0x74 Application/User/spi.o
 .debug_frame   0x00000308      0x368 Application/User/stm32f4_discovery.o
 .debug_frame   0x00000670       0x2c Application/User/stm32f4xx_hal_msp.o
 .debug_frame   0x0000069c       0x48 Application/User/stm32f4xx_it.o
 .debug_frame   0x000006e4       0x2c Application/User/usb_device.o
 .debug_frame   0x00000710       0xc0 Application/User/usbd_cdc_if.o
 .debug_frame   0x000007d0      0x404 Application/User/usbd_conf.o
 .debug_frame   0x00000bd4      0x114 Application/User/usbd_desc.o
 .debug_frame   0x00000ce8       0x58 Drivers/CMSIS/system_stm32f4xx.o
 .debug_frame   0x00000d40      0x2c0 Drivers/STM32F4xx_HAL_Driver/stm32f4xx_hal.o
 .debug_frame   0x00001000      0x450 Drivers/STM32F4xx_HAL_Driver/stm32f4xx_hal_cortex.o
 .debug_frame   0x00001450      0x14c Drivers/STM32F4xx_HAL_Driver/stm32f4xx_hal_gpio.o
 .debug_frame   0x0000159c      0x508 Drivers/STM32F4xx_HAL_Driver/stm32f4xx_hal_pcd.o
 .debug_frame   0x00001aa4       0x60 Drivers/STM32F4xx_HAL_Driver/stm32f4xx_hal_pcd_ex.o
 .debug_frame   0x00001b04      0x204 Drivers/STM32F4xx_HAL_Driver/stm32f4xx_hal_rcc.o
 .debug_frame   0x00001d08      0x604 Drivers/STM32F4xx_HAL_Driver/stm32f4xx_hal_spi.o
 .debug_frame   0x0000230c      0x718 Drivers/STM32F4xx_HAL_Driver/stm32f4xx_ll_usb.o
 .debug_frame   0x00002a24      0x744 Middlewares/FreeRTOS/cmsis_os.o
 .debug_frame   0x00003168      0x108 Middlewares/FreeRTOS/heap_4.o
 .debug_frame   0x00003270       0xd8 Middlewares/FreeRTOS/list.o
 .debug_frame   0x00003348      0x19c Middlewares/FreeRTOS/port.o
 .debug_frame   0x000034e4      0x738 Middlewares/FreeRTOS/tasks.o
 .debug_frame   0x00003c1c      0x24c Middlewares/USB_Device_Library/usbd_cdc.o
 .debug_frame   0x00003e68      0x300 Middlewares/USB_Device_Library/usbd_core.o
 .debug_frame   0x00004168      0x210 Middlewares/USB_Device_Library/usbd_ctlreq.o
 .debug_frame   0x00004378      0x10c Middlewares/USB_Device_Library/usbd_ioreq.o
 .debug_frame   0x00004484       0x2c c:/eclipse/eclipse_mars_sr1/plugins/fr.ac6.mcu.externaltools.arm-none.win32_1.3.0.201507241045/tools/compiler/bin/../lib/gcc/arm-none-eabi/4.9.3/../../../../arm-none-eabi/lib/armv7e-m/fpu\libc_nano.a(lib_a-init.o)
 .debug_frame   0x000044b0       0x38 c:/eclipse/eclipse_mars_sr1/plugins/fr.ac6.mcu.externaltools.arm-none.win32_1.3.0.201507241045/tools/compiler/bin/../lib/gcc/arm-none-eabi/4.9.3/../../../../arm-none-eabi/lib/armv7e-m/fpu\libc_nano.a(lib_a-itoa.o)